#-----------------------------------------------------------
# Vivado v2020.2.2 (64-bit)
# SW Build 3118627 on Tue Feb  9 05:13:49 MST 2021
# IP Build 3115676 on Tue Feb  9 10:48:11 MST 2021
# Start of session at: Wed Jun 23 12:46:43 2021
# Process ID: 1941914
# Current directory: /home/engin
# Command line: vivado
# Log file: /home/engin/vivado.log
# Journal file: /home/engin/vivado.jou
#-----------------------------------------------------------
start_gui
open_project /home/engin/nekoichiarticle/part16/nekoichi.xpr
update_compile_order -fileset sources_1
open_hw_manager
connect_hw_server -allow_non_jtag
open_hw_target
set_property PROGRAM.FILE {/home/engin/nekoichiarticle/part16/nekoichi.runs/impl_1/nekotop.bit} [get_hw_devices xc7a100t_0]
current_hw_device [get_hw_devices xc7a100t_0]
refresh_hw_device -update_hw_probes false [lindex [get_hw_devices xc7a100t_0] 0]
create_hw_cfgmem -hw_device [get_hw_devices xc7a100t_0] -mem_dev [lindex [get_cfgmem_parts {s25fl128sxxxxxx0-spi-x1_x2_x4}] 0]
set_property PROBES.FILE {} [get_hw_devices xc7a100t_0]
set_property FULL_PROBES.FILE {} [get_hw_devices xc7a100t_0]
set_property PROGRAM.FILE {/home/engin/nekoichiarticle/part16/nekoichi.runs/impl_1/nekotop.bit} [get_hw_devices xc7a100t_0]
program_hw_devices [get_hw_devices xc7a100t_0]
refresh_hw_device [lindex [get_hw_devices xc7a100t_0] 0]
close_hw_manager
open_hw_manager
connect_hw_server -allow_non_jtag
open_hw_target
set_property PROGRAM.FILE {/home/engin/nekoichiarticle/part16/nekoichi.runs/impl_1/nekotop.bit} [get_hw_devices xc7a100t_0]
current_hw_device [get_hw_devices xc7a100t_0]
refresh_hw_device -update_hw_probes false [lindex [get_hw_devices xc7a100t_0] 0]
create_hw_cfgmem -hw_device [get_hw_devices xc7a100t_0] -mem_dev [lindex [get_cfgmem_parts {s25fl128sxxxxxx0-spi-x1_x2_x4}] 0]
set_property PROBES.FILE {} [get_hw_devices xc7a100t_0]
set_property FULL_PROBES.FILE {} [get_hw_devices xc7a100t_0]
set_property PROGRAM.FILE {/home/engin/nekoichiarticle/part16/nekoichi.runs/impl_1/nekotop.bit} [get_hw_devices xc7a100t_0]
program_hw_devices [get_hw_devices xc7a100t_0]
refresh_hw_device [lindex [get_hw_devices xc7a100t_0] 0]
close_hw_manager
reset_run synth_1
launch_runs synth_1 -jobs 16
wait_on_run synth_1
reset_run synth_1
launch_runs synth_1 -jobs 16
wait_on_run synth_1
launch_runs impl_1 -jobs 16
wait_on_run impl_1
launch_runs impl_1 -to_step write_bitstream -jobs 16
wait_on_run impl_1
open_hw_manager
connect_hw_server -allow_non_jtag
open_hw_target
set_property PROGRAM.FILE {/home/engin/nekoichiarticle/part16/nekoichi.runs/impl_1/nekotop.bit} [get_hw_devices xc7a100t_0]
current_hw_device [get_hw_devices xc7a100t_0]
refresh_hw_device -update_hw_probes false [lindex [get_hw_devices xc7a100t_0] 0]
create_hw_cfgmem -hw_device [get_hw_devices xc7a100t_0] -mem_dev [lindex [get_cfgmem_parts {s25fl128sxxxxxx0-spi-x1_x2_x4}] 0]
set_property PROBES.FILE {} [get_hw_devices xc7a100t_0]
set_property FULL_PROBES.FILE {} [get_hw_devices xc7a100t_0]
set_property PROGRAM.FILE {/home/engin/nekoichiarticle/part16/nekoichi.runs/impl_1/nekotop.bit} [get_hw_devices xc7a100t_0]
program_hw_devices [get_hw_devices xc7a100t_0]
refresh_hw_device [lindex [get_hw_devices xc7a100t_0] 0]
close_hw_manager
create_ip -name fifo_generator -vendor xilinx.com -library ip -version 13.2 -module_name rasterqueue
set_property -dict [list CONFIG.Component_Name {rasterqueue} CONFIG.Fifo_Implementation {Independent_Clocks_Block_RAM} CONFIG.Input_Data_Width {128} CONFIG.Input_Depth {64} CONFIG.Output_Data_Width {128} CONFIG.Output_Depth {64} CONFIG.Reset_Type {Asynchronous_Reset} CONFIG.Full_Flags_Reset_Value {1} CONFIG.Valid_Flag {true} CONFIG.Data_Count_Width {6} CONFIG.Write_Data_Count_Width {6} CONFIG.Read_Data_Count_Width {6} CONFIG.Full_Threshold_Assert_Value {61} CONFIG.Full_Threshold_Negate_Value {60} CONFIG.Enable_Safety_Circuit {false}] [get_ips rasterqueue]
generate_target {instantiation_template} [get_files /home/engin/nekoichiarticle/part16/nekoichi.srcs/sources_1/ip/rasterqueue/rasterqueue.xci]
generate_target all [get_files  /home/engin/nekoichiarticle/part16/nekoichi.srcs/sources_1/ip/rasterqueue/rasterqueue.xci]
catch { config_ip_cache -export [get_ips -all rasterqueue] }
export_ip_user_files -of_objects [get_files /home/engin/nekoichiarticle/part16/nekoichi.srcs/sources_1/ip/rasterqueue/rasterqueue.xci] -no_script -sync -force -quiet
create_ip_run [get_files -of_objects [get_fileset sources_1] /home/engin/nekoichiarticle/part16/nekoichi.srcs/sources_1/ip/rasterqueue/rasterqueue.xci]
launch_runs rasterqueue_synth_1 -jobs 16
wait_on_run rasterqueue_synth_1
export_simulation -of_objects [get_files /home/engin/nekoichiarticle/part16/nekoichi.srcs/sources_1/ip/rasterqueue/rasterqueue.xci] -directory /home/engin/nekoichiarticle/part16/nekoichi.ip_user_files/sim_scripts -ip_user_files_dir /home/engin/nekoichiarticle/part16/nekoichi.ip_user_files -ipstatic_source_dir /home/engin/nekoichiarticle/part16/nekoichi.ip_user_files/ipstatic -lib_map_path [list {modelsim=/home/engin/nekoichiarticle/part16/nekoichi.cache/compile_simlib/modelsim} {questa=/home/engin/nekoichiarticle/part16/nekoichi.cache/compile_simlib/questa} {ies=/home/engin/nekoichiarticle/part16/nekoichi.cache/compile_simlib/ies} {xcelium=/home/engin/nekoichiarticle/part16/nekoichi.cache/compile_simlib/xcelium} {vcs=/home/engin/nekoichiarticle/part16/nekoichi.cache/compile_simlib/vcs} {riviera=/home/engin/nekoichiarticle/part16/nekoichi.cache/compile_simlib/riviera}] -use_ip_compiled_libs -force -quiet
set_property -dict [list CONFIG.JITTER_SEL {Min_O_Jitter} CONFIG.CLKOUT3_USED {true} CONFIG.CLK_OUT3_PORT {rasterclock} CONFIG.CLKOUT3_REQUESTED_OUT_FREQ {170} CONFIG.MMCM_BANDWIDTH {HIGH} CONFIG.MMCM_CLKOUT2_DIVIDE {5} CONFIG.NUM_OUT_CLKS {3} CONFIG.CLKOUT3_JITTER {125.465} CONFIG.CLKOUT3_PHASE_ERROR {109.126}] [get_ips videoclocks]
generate_target all [get_files  /home/engin/nekoichiarticle/part16/nekoichi.srcs/sources_1/ip/videoclocks/videoclocks.xci]
catch { config_ip_cache -export [get_ips -all videoclocks] }
export_ip_user_files -of_objects [get_files /home/engin/nekoichiarticle/part16/nekoichi.srcs/sources_1/ip/videoclocks/videoclocks.xci] -no_script -sync -force -quiet
reset_run videoclocks_synth_1
launch_runs videoclocks_synth_1 -jobs 16
wait_on_run videoclocks_synth_1
export_simulation -of_objects [get_files /home/engin/nekoichiarticle/part16/nekoichi.srcs/sources_1/ip/videoclocks/videoclocks.xci] -directory /home/engin/nekoichiarticle/part16/nekoichi.ip_user_files/sim_scripts -ip_user_files_dir /home/engin/nekoichiarticle/part16/nekoichi.ip_user_files -ipstatic_source_dir /home/engin/nekoichiarticle/part16/nekoichi.ip_user_files/ipstatic -lib_map_path [list {modelsim=/home/engin/nekoichiarticle/part16/nekoichi.cache/compile_simlib/modelsim} {questa=/home/engin/nekoichiarticle/part16/nekoichi.cache/compile_simlib/questa} {ies=/home/engin/nekoichiarticle/part16/nekoichi.cache/compile_simlib/ies} {xcelium=/home/engin/nekoichiarticle/part16/nekoichi.cache/compile_simlib/xcelium} {vcs=/home/engin/nekoichiarticle/part16/nekoichi.cache/compile_simlib/vcs} {riviera=/home/engin/nekoichiarticle/part16/nekoichi.cache/compile_simlib/riviera}] -use_ip_compiled_libs -force -quiet
reset_run synth_1
launch_runs synth_1 -jobs 16
wait_on_run synth_1
reset_run synth_1
launch_runs synth_1 -jobs 16
wait_on_run synth_1
launch_runs impl_1 -jobs 16
wait_on_run impl_1
update_compile_order -fileset sources_1
reset_run synth_1
update_compile_order -fileset sources_1
launch_runs synth_1 -jobs 16
wait_on_run synth_1
reset_run synth_1
launch_runs synth_1 -jobs 16
wait_on_run synth_1
launch_runs impl_1 -jobs 16
wait_on_run impl_1
reset_run synth_1
launch_runs synth_1 -jobs 16
wait_on_run synth_1
launch_runs impl_1 -jobs 16
wait_on_run impl_1
launch_runs impl_1 -to_step write_bitstream -jobs 16
wait_on_run impl_1
open_run impl_1
close_design
open_hw_manager
connect_hw_server -allow_non_jtag
open_hw_target
set_property PROGRAM.FILE {/home/engin/nekoichiarticle/part16/nekoichi.runs/impl_1/nekotop.bit} [get_hw_devices xc7a100t_0]
current_hw_device [get_hw_devices xc7a100t_0]
refresh_hw_device -update_hw_probes false [lindex [get_hw_devices xc7a100t_0] 0]
create_hw_cfgmem -hw_device [get_hw_devices xc7a100t_0] -mem_dev [lindex [get_cfgmem_parts {s25fl128sxxxxxx0-spi-x1_x2_x4}] 0]
set_property PROBES.FILE {} [get_hw_devices xc7a100t_0]
set_property FULL_PROBES.FILE {} [get_hw_devices xc7a100t_0]
set_property PROGRAM.FILE {/home/engin/nekoichiarticle/part16/nekoichi.runs/impl_1/nekotop.bit} [get_hw_devices xc7a100t_0]
program_hw_devices [get_hw_devices xc7a100t_0]
refresh_hw_device [lindex [get_hw_devices xc7a100t_0] 0]
set_property PROBES.FILE {} [get_hw_devices xc7a100t_0]
set_property FULL_PROBES.FILE {} [get_hw_devices xc7a100t_0]
set_property PROGRAM.FILE {/home/engin/nekoichiarticle/part16/nekoichi.runs/impl_1/nekotop.bit} [get_hw_devices xc7a100t_0]
program_hw_devices [get_hw_devices xc7a100t_0]
refresh_hw_device [lindex [get_hw_devices xc7a100t_0] 0]
set_property PROBES.FILE {} [get_hw_devices xc7a100t_0]
set_property FULL_PROBES.FILE {} [get_hw_devices xc7a100t_0]
set_property PROGRAM.FILE {/home/engin/nekoichiarticle/part16/nekoichi.runs/impl_1/nekotop.bit} [get_hw_devices xc7a100t_0]
program_hw_devices [get_hw_devices xc7a100t_0]
refresh_hw_device [lindex [get_hw_devices xc7a100t_0] 0]
close_hw_manager
reset_run synth_1
launch_runs impl_1 -to_step write_bitstream -jobs 16
wait_on_run impl_1
open_hw_manager
connect_hw_server -allow_non_jtag
open_hw_target
set_property PROGRAM.FILE {/home/engin/nekoichiarticle/part16/nekoichi.runs/impl_1/nekotop.bit} [get_hw_devices xc7a100t_0]
current_hw_device [get_hw_devices xc7a100t_0]
refresh_hw_device -update_hw_probes false [lindex [get_hw_devices xc7a100t_0] 0]
create_hw_cfgmem -hw_device [get_hw_devices xc7a100t_0] -mem_dev [lindex [get_cfgmem_parts {s25fl128sxxxxxx0-spi-x1_x2_x4}] 0]
set_property PROBES.FILE {} [get_hw_devices xc7a100t_0]
set_property FULL_PROBES.FILE {} [get_hw_devices xc7a100t_0]
set_property PROGRAM.FILE {/home/engin/nekoichiarticle/part16/nekoichi.runs/impl_1/nekotop.bit} [get_hw_devices xc7a100t_0]
program_hw_devices [get_hw_devices xc7a100t_0]
refresh_hw_device [lindex [get_hw_devices xc7a100t_0] 0]
close_hw_manager
open_hw_manager
connect_hw_server -allow_non_jtag
open_hw_target
set_property PROGRAM.FILE {/home/engin/nekoichiarticle/part16/nekoichi.runs/impl_1/nekotop.bit} [get_hw_devices xc7a100t_0]
current_hw_device [get_hw_devices xc7a100t_0]
refresh_hw_device -update_hw_probes false [lindex [get_hw_devices xc7a100t_0] 0]
create_hw_cfgmem -hw_device [get_hw_devices xc7a100t_0] -mem_dev [lindex [get_cfgmem_parts {s25fl128sxxxxxx0-spi-x1_x2_x4}] 0]
set_property PROBES.FILE {} [get_hw_devices xc7a100t_0]
set_property FULL_PROBES.FILE {} [get_hw_devices xc7a100t_0]
set_property PROGRAM.FILE {/home/engin/nekoichiarticle/part16/nekoichi.runs/impl_1/nekotop.bit} [get_hw_devices xc7a100t_0]
program_hw_devices [get_hw_devices xc7a100t_0]
refresh_hw_device [lindex [get_hw_devices xc7a100t_0] 0]
set_property PROBES.FILE {} [get_hw_devices xc7a100t_0]
set_property FULL_PROBES.FILE {} [get_hw_devices xc7a100t_0]
set_property PROGRAM.FILE {/home/engin/nekoichiarticle/part16/nekoichi.runs/impl_1/nekotop.bit} [get_hw_devices xc7a100t_0]
program_hw_devices [get_hw_devices xc7a100t_0]
refresh_hw_device [lindex [get_hw_devices xc7a100t_0] 0]
close_hw_manager
reset_run synth_1
launch_runs impl_1 -to_step write_bitstream -jobs 16
wait_on_run impl_1
set_property -dict [list CONFIG.CLKOUT3_USED {false} CONFIG.MMCM_CLKOUT2_DIVIDE {1} CONFIG.NUM_OUT_CLKS {2}] [get_ips videoclocks]
generate_target all [get_files  /home/engin/nekoichiarticle/part16/nekoichi.srcs/sources_1/ip/videoclocks/videoclocks.xci]
catch { config_ip_cache -export [get_ips -all videoclocks] }
export_ip_user_files -of_objects [get_files /home/engin/nekoichiarticle/part16/nekoichi.srcs/sources_1/ip/videoclocks/videoclocks.xci] -no_script -sync -force -quiet
reset_run videoclocks_synth_1
launch_runs videoclocks_synth_1 -jobs 16
wait_on_run videoclocks_synth_1
export_simulation -of_objects [get_files /home/engin/nekoichiarticle/part16/nekoichi.srcs/sources_1/ip/videoclocks/videoclocks.xci] -directory /home/engin/nekoichiarticle/part16/nekoichi.ip_user_files/sim_scripts -ip_user_files_dir /home/engin/nekoichiarticle/part16/nekoichi.ip_user_files -ipstatic_source_dir /home/engin/nekoichiarticle/part16/nekoichi.ip_user_files/ipstatic -lib_map_path [list {modelsim=/home/engin/nekoichiarticle/part16/nekoichi.cache/compile_simlib/modelsim} {questa=/home/engin/nekoichiarticle/part16/nekoichi.cache/compile_simlib/questa} {ies=/home/engin/nekoichiarticle/part16/nekoichi.cache/compile_simlib/ies} {xcelium=/home/engin/nekoichiarticle/part16/nekoichi.cache/compile_simlib/xcelium} {vcs=/home/engin/nekoichiarticle/part16/nekoichi.cache/compile_simlib/vcs} {riviera=/home/engin/nekoichiarticle/part16/nekoichi.cache/compile_simlib/riviera}] -use_ip_compiled_libs -force -quiet
export_ip_user_files -of_objects  [get_files /home/engin/nekoichiarticle/part16/nekoichi.srcs/sources_1/ip/rasterqueue/rasterqueue.xci] -no_script -reset -force -quiet
remove_files  -fileset rasterqueue /home/engin/nekoichiarticle/part16/nekoichi.srcs/sources_1/ip/rasterqueue/rasterqueue.xci
file delete -force /home/engin/nekoichiarticle/part16/nekoichi.srcs/sources_1/ip/rasterqueue
file delete -force /home/engin/nekoichiarticle/part16/nekoichi.gen/sources_1/ip/rasterqueue
reset_run synth_1
launch_runs synth_1 -jobs 16
wait_on_run synth_1
launch_runs impl_1 -jobs 16
wait_on_run impl_1
launch_runs impl_1 -to_step write_bitstream -jobs 16
wait_on_run impl_1
open_hw_manager
connect_hw_server -allow_non_jtag
open_hw_target
set_property PROGRAM.FILE {/home/engin/nekoichiarticle/part16/nekoichi.runs/impl_1/nekotop.bit} [get_hw_devices xc7a100t_0]
current_hw_device [get_hw_devices xc7a100t_0]
refresh_hw_device -update_hw_probes false [lindex [get_hw_devices xc7a100t_0] 0]
create_hw_cfgmem -hw_device [get_hw_devices xc7a100t_0] -mem_dev [lindex [get_cfgmem_parts {s25fl128sxxxxxx0-spi-x1_x2_x4}] 0]
set_property PROBES.FILE {} [get_hw_devices xc7a100t_0]
set_property FULL_PROBES.FILE {} [get_hw_devices xc7a100t_0]
set_property PROGRAM.FILE {/home/engin/nekoichiarticle/part16/nekoichi.runs/impl_1/nekotop.bit} [get_hw_devices xc7a100t_0]
program_hw_devices [get_hw_devices xc7a100t_0]
refresh_hw_device [lindex [get_hw_devices xc7a100t_0] 0]
set_property PROGRAM.ADDRESS_RANGE  {use_file} [ get_property PROGRAM.HW_CFGMEM [lindex [get_hw_devices xc7a100t_0] 0]]
set_property PROGRAM.FILES [list "/home/engin/nekoichiarticle/part16/nekoichi.runs/impl_1/nekotop.bin" ] [ get_property PROGRAM.HW_CFGMEM [lindex [get_hw_devices xc7a100t_0] 0]]
set_property PROGRAM.PRM_FILE {} [ get_property PROGRAM.HW_CFGMEM [lindex [get_hw_devices xc7a100t_0] 0]]
set_property PROGRAM.UNUSED_PIN_TERMINATION {pull-none} [ get_property PROGRAM.HW_CFGMEM [lindex [get_hw_devices xc7a100t_0] 0]]
set_property PROGRAM.BLANK_CHECK  0 [ get_property PROGRAM.HW_CFGMEM [lindex [get_hw_devices xc7a100t_0] 0]]
set_property PROGRAM.ERASE  1 [ get_property PROGRAM.HW_CFGMEM [lindex [get_hw_devices xc7a100t_0] 0]]
set_property PROGRAM.CFG_PROGRAM  1 [ get_property PROGRAM.HW_CFGMEM [lindex [get_hw_devices xc7a100t_0] 0]]
set_property PROGRAM.VERIFY  1 [ get_property PROGRAM.HW_CFGMEM [lindex [get_hw_devices xc7a100t_0] 0]]
set_property PROGRAM.CHECKSUM  0 [ get_property PROGRAM.HW_CFGMEM [lindex [get_hw_devices xc7a100t_0] 0]]
startgroup 
create_hw_bitstream -hw_device [lindex [get_hw_devices xc7a100t_0] 0] [get_property PROGRAM.HW_CFGMEM_BITFILE [ lindex [get_hw_devices xc7a100t_0] 0]]; program_hw_devices [lindex [get_hw_devices xc7a100t_0] 0]; refresh_hw_device [lindex [get_hw_devices xc7a100t_0] 0];
program_hw_cfgmem -hw_cfgmem [ get_property PROGRAM.HW_CFGMEM [lindex [get_hw_devices xc7a100t_0] 0]]
endgroup
close_hw_manager
open_run impl_1
close_design
reset_run synth_1
launch_runs synth_1 -jobs 16
wait_on_run synth_1
launch_runs impl_1 -jobs 16
wait_on_run impl_1
launch_runs impl_1 -to_step write_bitstream -jobs 16
wait_on_run impl_1
open_hw_manager
connect_hw_server -allow_non_jtag
open_hw_target
set_property PROGRAM.FILE {/home/engin/nekoichiarticle/part16/nekoichi.runs/impl_1/nekotop.bit} [get_hw_devices xc7a100t_0]
current_hw_device [get_hw_devices xc7a100t_0]
refresh_hw_device -update_hw_probes false [lindex [get_hw_devices xc7a100t_0] 0]
create_hw_cfgmem -hw_device [get_hw_devices xc7a100t_0] -mem_dev [lindex [get_cfgmem_parts {s25fl128sxxxxxx0-spi-x1_x2_x4}] 0]
set_property PROBES.FILE {} [get_hw_devices xc7a100t_0]
set_property FULL_PROBES.FILE {} [get_hw_devices xc7a100t_0]
set_property PROGRAM.FILE {/home/engin/nekoichiarticle/part16/nekoichi.runs/impl_1/nekotop.bit} [get_hw_devices xc7a100t_0]
program_hw_devices [get_hw_devices xc7a100t_0]
refresh_hw_device [lindex [get_hw_devices xc7a100t_0] 0]
set_property PROBES.FILE {} [get_hw_devices xc7a100t_0]
set_property FULL_PROBES.FILE {} [get_hw_devices xc7a100t_0]
set_property PROGRAM.FILE {/home/engin/nekoichiarticle/part16/nekoichi.runs/impl_1/nekotop.bit} [get_hw_devices xc7a100t_0]
program_hw_devices [get_hw_devices xc7a100t_0]
refresh_hw_device [lindex [get_hw_devices xc7a100t_0] 0]
close_hw_manager
reset_run synth_1
launch_runs synth_1 -jobs 16
wait_on_run synth_1
launch_runs impl_1 -jobs 16
wait_on_run impl_1
reset_run impl_1
reset_run synth_1
launch_runs synth_1 -jobs 16
wait_on_run synth_1
launch_runs impl_1 -jobs 16
wait_on_run impl_1
launch_runs impl_1 -to_step write_bitstream -jobs 16
wait_on_run impl_1
open_hw_manager
connect_hw_server -allow_non_jtag
open_hw_target
set_property PROGRAM.FILE {/home/engin/nekoichiarticle/part16/nekoichi.runs/impl_1/nekotop.bit} [get_hw_devices xc7a100t_0]
current_hw_device [get_hw_devices xc7a100t_0]
refresh_hw_device -update_hw_probes false [lindex [get_hw_devices xc7a100t_0] 0]
create_hw_cfgmem -hw_device [get_hw_devices xc7a100t_0] -mem_dev [lindex [get_cfgmem_parts {s25fl128sxxxxxx0-spi-x1_x2_x4}] 0]
set_property PROBES.FILE {} [get_hw_devices xc7a100t_0]
set_property FULL_PROBES.FILE {} [get_hw_devices xc7a100t_0]
set_property PROGRAM.FILE {/home/engin/nekoichiarticle/part16/nekoichi.runs/impl_1/nekotop.bit} [get_hw_devices xc7a100t_0]
program_hw_devices [get_hw_devices xc7a100t_0]
refresh_hw_device [lindex [get_hw_devices xc7a100t_0] 0]
close_hw_manager
reset_run synth_1
launch_runs synth_1 -jobs 16
wait_on_run synth_1
launch_runs impl_1 -jobs 16
wait_on_run impl_1
launch_runs impl_1 -to_step write_bitstream -jobs 16
wait_on_run impl_1
open_hw_manager
connect_hw_server -allow_non_jtag
open_hw_target
set_property PROGRAM.FILE {/home/engin/nekoichiarticle/part16/nekoichi.runs/impl_1/nekotop.bit} [get_hw_devices xc7a100t_0]
current_hw_device [get_hw_devices xc7a100t_0]
refresh_hw_device -update_hw_probes false [lindex [get_hw_devices xc7a100t_0] 0]
create_hw_cfgmem -hw_device [get_hw_devices xc7a100t_0] -mem_dev [lindex [get_cfgmem_parts {s25fl128sxxxxxx0-spi-x1_x2_x4}] 0]
set_property PROBES.FILE {} [get_hw_devices xc7a100t_0]
set_property FULL_PROBES.FILE {} [get_hw_devices xc7a100t_0]
set_property PROGRAM.FILE {/home/engin/nekoichiarticle/part16/nekoichi.runs/impl_1/nekotop.bit} [get_hw_devices xc7a100t_0]
program_hw_devices [get_hw_devices xc7a100t_0]
refresh_hw_device [lindex [get_hw_devices xc7a100t_0] 0]
close_hw_manager
open_run impl_1
close_design
generate_target Simulation [get_files /home/engin/nekoichiarticle/part16/nekoichi.srcs/sources_1/ip/sysmem/sysmem.xci]
export_ip_user_files -of_objects [get_files /home/engin/nekoichiarticle/part16/nekoichi.srcs/sources_1/ip/sysmem/sysmem.xci] -no_script -sync -force -quiet
export_simulation -of_objects [get_files /home/engin/nekoichiarticle/part16/nekoichi.srcs/sources_1/ip/sysmem/sysmem.xci] -directory /home/engin/nekoichiarticle/part16/nekoichi.ip_user_files/sim_scripts -ip_user_files_dir /home/engin/nekoichiarticle/part16/nekoichi.ip_user_files -ipstatic_source_dir /home/engin/nekoichiarticle/part16/nekoichi.ip_user_files/ipstatic -lib_map_path [list {modelsim=/home/engin/nekoichiarticle/part16/nekoichi.cache/compile_simlib/modelsim} {questa=/home/engin/nekoichiarticle/part16/nekoichi.cache/compile_simlib/questa} {ies=/home/engin/nekoichiarticle/part16/nekoichi.cache/compile_simlib/ies} {xcelium=/home/engin/nekoichiarticle/part16/nekoichi.cache/compile_simlib/xcelium} {vcs=/home/engin/nekoichiarticle/part16/nekoichi.cache/compile_simlib/vcs} {riviera=/home/engin/nekoichiarticle/part16/nekoichi.cache/compile_simlib/riviera}] -use_ip_compiled_libs -force -quiet
launch_simulation
open_wave_config /home/engin/nekoichiarticle/part16/nekoichi.srcs/sim_1/imports/part16/nekotop_behav.wcfg
source nekotop.tcl
add_force {/nekotop/RST_I} -radix hex {0 0ns}
add_force {/nekotop/CLK_I} -radix hex {0 0ns} {1 5000000fs} -repeat_every 10000000fs
restart
run all
relaunch_sim
add_force {/nekotop/RST_I} -radix hex {0 0ns}
add_force {/nekotop/CLK_I} -radix hex {0 0ns} {1 5000000fs} -repeat_every 10000000fs
restart
run all
relaunch_sim
add_force {/nekotop/RST_I} -radix hex {0 0ns}
add_force {/nekotop/CLK_I} -radix hex {0 0ns} {1 5000000fs} -repeat_every 10000000fs
run all
run all
relaunch_sim
add_force {/nekotop/RST_I} -radix hex {0 0ns}
add_force {/nekotop/CLK_I} -radix hex {0 0ns} {1 5000000fs} -repeat_every 10000000fs
run all
run all
close_sim
set_property -dict [list CONFIG.CLKOUT1_REQUESTED_OUT_FREQ {120.000} CONFIG.MMCM_CLKFBOUT_MULT_F {10.500} CONFIG.MMCM_CLKOUT0_DIVIDE_F {8.750} CONFIG.MMCM_CLKOUT1_DIVIDE {105} CONFIG.CLKOUT1_JITTER {121.716} CONFIG.CLKOUT1_PHASE_ERROR {94.994} CONFIG.CLKOUT2_JITTER {202.666} CONFIG.CLKOUT2_PHASE_ERROR {94.994}] [get_ips clockgen]
generate_target all [get_files  /home/engin/nekoichiarticle/part16/nekoichi.srcs/sources_1/ip/clockgen/clockgen.xci]
catch { config_ip_cache -export [get_ips -all clockgen] }
export_ip_user_files -of_objects [get_files /home/engin/nekoichiarticle/part16/nekoichi.srcs/sources_1/ip/clockgen/clockgen.xci] -no_script -sync -force -quiet
create_ip_run [get_files -of_objects [get_fileset sources_1] /home/engin/nekoichiarticle/part16/nekoichi.srcs/sources_1/ip/clockgen/clockgen.xci]
launch_runs clockgen_synth_1 -jobs 16
wait_on_run clockgen_synth_1
export_simulation -of_objects [get_files /home/engin/nekoichiarticle/part16/nekoichi.srcs/sources_1/ip/clockgen/clockgen.xci] -directory /home/engin/nekoichiarticle/part16/nekoichi.ip_user_files/sim_scripts -ip_user_files_dir /home/engin/nekoichiarticle/part16/nekoichi.ip_user_files -ipstatic_source_dir /home/engin/nekoichiarticle/part16/nekoichi.ip_user_files/ipstatic -lib_map_path [list {modelsim=/home/engin/nekoichiarticle/part16/nekoichi.cache/compile_simlib/modelsim} {questa=/home/engin/nekoichiarticle/part16/nekoichi.cache/compile_simlib/questa} {ies=/home/engin/nekoichiarticle/part16/nekoichi.cache/compile_simlib/ies} {xcelium=/home/engin/nekoichiarticle/part16/nekoichi.cache/compile_simlib/xcelium} {vcs=/home/engin/nekoichiarticle/part16/nekoichi.cache/compile_simlib/vcs} {riviera=/home/engin/nekoichiarticle/part16/nekoichi.cache/compile_simlib/riviera}] -use_ip_compiled_libs -force -quiet
reset_run synth_1
launch_runs impl_1 -jobs 16
wait_on_run impl_1
open_run impl_1
close_design
launch_runs impl_1 -to_step write_bitstream -jobs 16
wait_on_run impl_1
open_hw_manager
connect_hw_server -allow_non_jtag
open_hw_target
set_property PROGRAM.FILE {/home/engin/nekoichiarticle/part16/nekoichi.runs/impl_1/nekotop.bit} [get_hw_devices xc7a100t_0]
current_hw_device [get_hw_devices xc7a100t_0]
refresh_hw_device -update_hw_probes false [lindex [get_hw_devices xc7a100t_0] 0]
create_hw_cfgmem -hw_device [get_hw_devices xc7a100t_0] -mem_dev [lindex [get_cfgmem_parts {s25fl128sxxxxxx0-spi-x1_x2_x4}] 0]
set_property PROBES.FILE {} [get_hw_devices xc7a100t_0]
set_property FULL_PROBES.FILE {} [get_hw_devices xc7a100t_0]
set_property PROGRAM.FILE {/home/engin/nekoichiarticle/part16/nekoichi.runs/impl_1/nekotop.bit} [get_hw_devices xc7a100t_0]
program_hw_devices [get_hw_devices xc7a100t_0]
refresh_hw_device [lindex [get_hw_devices xc7a100t_0] 0]
close_hw_manager
set_property -dict [list CONFIG.CLKOUT1_REQUESTED_OUT_FREQ {200} CONFIG.MMCM_CLKFBOUT_MULT_F {11.500} CONFIG.MMCM_CLKOUT0_DIVIDE_F {5.750} CONFIG.MMCM_CLKOUT1_DIVIDE {115} CONFIG.CLKOUT1_JITTER {105.120} CONFIG.CLKOUT1_PHASE_ERROR {89.598} CONFIG.CLKOUT2_JITTER {193.419} CONFIG.CLKOUT2_PHASE_ERROR {89.598}] [get_ips clockgen]
generate_target all [get_files  /home/engin/nekoichiarticle/part16/nekoichi.srcs/sources_1/ip/clockgen/clockgen.xci]
catch { config_ip_cache -export [get_ips -all clockgen] }
export_ip_user_files -of_objects [get_files /home/engin/nekoichiarticle/part16/nekoichi.srcs/sources_1/ip/clockgen/clockgen.xci] -no_script -sync -force -quiet
reset_run clockgen_synth_1
launch_runs clockgen_synth_1 -jobs 16
wait_on_run clockgen_synth_1
export_simulation -of_objects [get_files /home/engin/nekoichiarticle/part16/nekoichi.srcs/sources_1/ip/clockgen/clockgen.xci] -directory /home/engin/nekoichiarticle/part16/nekoichi.ip_user_files/sim_scripts -ip_user_files_dir /home/engin/nekoichiarticle/part16/nekoichi.ip_user_files -ipstatic_source_dir /home/engin/nekoichiarticle/part16/nekoichi.ip_user_files/ipstatic -lib_map_path [list {modelsim=/home/engin/nekoichiarticle/part16/nekoichi.cache/compile_simlib/modelsim} {questa=/home/engin/nekoichiarticle/part16/nekoichi.cache/compile_simlib/questa} {ies=/home/engin/nekoichiarticle/part16/nekoichi.cache/compile_simlib/ies} {xcelium=/home/engin/nekoichiarticle/part16/nekoichi.cache/compile_simlib/xcelium} {vcs=/home/engin/nekoichiarticle/part16/nekoichi.cache/compile_simlib/vcs} {riviera=/home/engin/nekoichiarticle/part16/nekoichi.cache/compile_simlib/riviera}] -use_ip_compiled_libs -force -quiet
reset_run synth_1
launch_runs synth_1 -jobs 16
wait_on_run synth_1
launch_runs impl_1 -jobs 16
wait_on_run impl_1
launch_runs impl_1 -to_step write_bitstream -jobs 16
wait_on_run impl_1
open_hw_manager
connect_hw_server -allow_non_jtag
open_hw_target
set_property PROGRAM.FILE {/home/engin/nekoichiarticle/part16/nekoichi.runs/impl_1/nekotop.bit} [get_hw_devices xc7a100t_0]
current_hw_device [get_hw_devices xc7a100t_0]
refresh_hw_device -update_hw_probes false [lindex [get_hw_devices xc7a100t_0] 0]
create_hw_cfgmem -hw_device [get_hw_devices xc7a100t_0] -mem_dev [lindex [get_cfgmem_parts {s25fl128sxxxxxx0-spi-x1_x2_x4}] 0]
set_property PROBES.FILE {} [get_hw_devices xc7a100t_0]
set_property FULL_PROBES.FILE {} [get_hw_devices xc7a100t_0]
set_property PROGRAM.FILE {/home/engin/nekoichiarticle/part16/nekoichi.runs/impl_1/nekotop.bit} [get_hw_devices xc7a100t_0]
program_hw_devices [get_hw_devices xc7a100t_0]
refresh_hw_device [lindex [get_hw_devices xc7a100t_0] 0]
set_property PROBES.FILE {} [get_hw_devices xc7a100t_0]
set_property FULL_PROBES.FILE {} [get_hw_devices xc7a100t_0]
set_property PROGRAM.FILE {/home/engin/nekoichiarticle/part16/nekoichi.runs/impl_1/nekotop.bit} [get_hw_devices xc7a100t_0]
program_hw_devices [get_hw_devices xc7a100t_0]
refresh_hw_device [lindex [get_hw_devices xc7a100t_0] 0]
close_hw_manager
open_run impl_1
close_design
set_property -dict [list CONFIG.CLKOUT1_REQUESTED_OUT_FREQ {400} CONFIG.MMCM_CLKOUT0_DIVIDE_F {2.875} CONFIG.CLKOUT1_JITTER {92.672}] [get_ips clockgen]
generate_target all [get_files  /home/engin/nekoichiarticle/part16/nekoichi.srcs/sources_1/ip/clockgen/clockgen.xci]
catch { config_ip_cache -export [get_ips -all clockgen] }
export_ip_user_files -of_objects [get_files /home/engin/nekoichiarticle/part16/nekoichi.srcs/sources_1/ip/clockgen/clockgen.xci] -no_script -sync -force -quiet
reset_run clockgen_synth_1
launch_runs clockgen_synth_1 -jobs 16
wait_on_run clockgen_synth_1
export_simulation -of_objects [get_files /home/engin/nekoichiarticle/part16/nekoichi.srcs/sources_1/ip/clockgen/clockgen.xci] -directory /home/engin/nekoichiarticle/part16/nekoichi.ip_user_files/sim_scripts -ip_user_files_dir /home/engin/nekoichiarticle/part16/nekoichi.ip_user_files -ipstatic_source_dir /home/engin/nekoichiarticle/part16/nekoichi.ip_user_files/ipstatic -lib_map_path [list {modelsim=/home/engin/nekoichiarticle/part16/nekoichi.cache/compile_simlib/modelsim} {questa=/home/engin/nekoichiarticle/part16/nekoichi.cache/compile_simlib/questa} {ies=/home/engin/nekoichiarticle/part16/nekoichi.cache/compile_simlib/ies} {xcelium=/home/engin/nekoichiarticle/part16/nekoichi.cache/compile_simlib/xcelium} {vcs=/home/engin/nekoichiarticle/part16/nekoichi.cache/compile_simlib/vcs} {riviera=/home/engin/nekoichiarticle/part16/nekoichi.cache/compile_simlib/riviera}] -use_ip_compiled_libs -force -quiet
reset_run synth_1
launch_runs synth_1 -jobs 16
wait_on_run synth_1
reset_run synth_1
launch_runs synth_1 -jobs 16
wait_on_run synth_1
launch_runs impl_1 -jobs 16
wait_on_run impl_1
launch_runs impl_1 -to_step write_bitstream -jobs 16
wait_on_run impl_1
open_hw_manager
connect_hw_server -allow_non_jtag
open_hw_target
set_property PROGRAM.FILE {/home/engin/nekoichiarticle/part16/nekoichi.runs/impl_1/nekotop.bit} [get_hw_devices xc7a100t_0]
current_hw_device [get_hw_devices xc7a100t_0]
refresh_hw_device -update_hw_probes false [lindex [get_hw_devices xc7a100t_0] 0]
create_hw_cfgmem -hw_device [get_hw_devices xc7a100t_0] -mem_dev [lindex [get_cfgmem_parts {s25fl128sxxxxxx0-spi-x1_x2_x4}] 0]
set_property PROBES.FILE {} [get_hw_devices xc7a100t_0]
set_property FULL_PROBES.FILE {} [get_hw_devices xc7a100t_0]
set_property PROGRAM.FILE {/home/engin/nekoichiarticle/part16/nekoichi.runs/impl_1/nekotop.bit} [get_hw_devices xc7a100t_0]
program_hw_devices [get_hw_devices xc7a100t_0]
refresh_hw_device [lindex [get_hw_devices xc7a100t_0] 0]
close_hw_manager
open_run impl_1
close_design
set_property -dict [list CONFIG.CLKOUT1_REQUESTED_OUT_FREQ {200} CONFIG.MMCM_CLKOUT0_DIVIDE_F {5.750} CONFIG.CLKOUT1_JITTER {105.120}] [get_ips clockgen]
generate_target all [get_files  /home/engin/nekoichiarticle/part16/nekoichi.srcs/sources_1/ip/clockgen/clockgen.xci]
catch { config_ip_cache -export [get_ips -all clockgen] }
catch { [ delete_ip_run [get_ips -all clockgen] ] }
export_ip_user_files -of_objects [get_files /home/engin/nekoichiarticle/part16/nekoichi.srcs/sources_1/ip/clockgen/clockgen.xci] -no_script -sync -force -quiet
create_ip_run [get_files -of_objects [get_fileset sources_1] /home/engin/nekoichiarticle/part16/nekoichi.srcs/sources_1/ip/clockgen/clockgen.xci]
export_simulation -of_objects [get_files /home/engin/nekoichiarticle/part16/nekoichi.srcs/sources_1/ip/clockgen/clockgen.xci] -directory /home/engin/nekoichiarticle/part16/nekoichi.ip_user_files/sim_scripts -ip_user_files_dir /home/engin/nekoichiarticle/part16/nekoichi.ip_user_files -ipstatic_source_dir /home/engin/nekoichiarticle/part16/nekoichi.ip_user_files/ipstatic -lib_map_path [list {modelsim=/home/engin/nekoichiarticle/part16/nekoichi.cache/compile_simlib/modelsim} {questa=/home/engin/nekoichiarticle/part16/nekoichi.cache/compile_simlib/questa} {ies=/home/engin/nekoichiarticle/part16/nekoichi.cache/compile_simlib/ies} {xcelium=/home/engin/nekoichiarticle/part16/nekoichi.cache/compile_simlib/xcelium} {vcs=/home/engin/nekoichiarticle/part16/nekoichi.cache/compile_simlib/vcs} {riviera=/home/engin/nekoichiarticle/part16/nekoichi.cache/compile_simlib/riviera}] -use_ip_compiled_libs -force -quiet
reset_run synth_1
update_compile_order -fileset sources_1
set_property STEPS.WRITE_BITSTREAM.ARGS.BIN_FILE false [get_runs impl_1]
launch_runs synth_1 -jobs 16
wait_on_run synth_1
reset_run synth_1
launch_runs synth_1 -jobs 16
wait_on_run synth_1
launch_runs impl_1 -jobs 16
wait_on_run impl_1
launch_runs impl_1 -to_step write_bitstream -jobs 16
wait_on_run impl_1
open_hw_manager
connect_hw_server -allow_non_jtag
open_hw_target
set_property PROGRAM.FILE {/home/engin/nekoichiarticle/part16/nekoichi.runs/impl_1/nekotop.bit} [get_hw_devices xc7a100t_0]
current_hw_device [get_hw_devices xc7a100t_0]
refresh_hw_device -update_hw_probes false [lindex [get_hw_devices xc7a100t_0] 0]
create_hw_cfgmem -hw_device [get_hw_devices xc7a100t_0] -mem_dev [lindex [get_cfgmem_parts {s25fl128sxxxxxx0-spi-x1_x2_x4}] 0]
set_property PROBES.FILE {} [get_hw_devices xc7a100t_0]
set_property FULL_PROBES.FILE {} [get_hw_devices xc7a100t_0]
set_property PROGRAM.FILE {/home/engin/nekoichiarticle/part16/nekoichi.runs/impl_1/nekotop.bit} [get_hw_devices xc7a100t_0]
program_hw_devices [get_hw_devices xc7a100t_0]
refresh_hw_device [lindex [get_hw_devices xc7a100t_0] 0]
close_hw_manager
launch_simulation
reset_run synth_1
launch_runs synth_1 -jobs 16
wait_on_run synth_1
launch_runs impl_1 -jobs 16
wait_on_run impl_1
launch_runs impl_1 -to_step write_bitstream -jobs 16
wait_on_run impl_1
open_hw_manager
connect_hw_server -allow_non_jtag
open_hw_target
set_property PROGRAM.FILE {/home/engin/nekoichiarticle/part16/nekoichi.runs/impl_1/nekotop.bit} [get_hw_devices xc7a100t_0]
current_hw_device [get_hw_devices xc7a100t_0]
refresh_hw_device -update_hw_probes false [lindex [get_hw_devices xc7a100t_0] 0]
create_hw_cfgmem -hw_device [get_hw_devices xc7a100t_0] -mem_dev [lindex [get_cfgmem_parts {s25fl128sxxxxxx0-spi-x1_x2_x4}] 0]
set_property PROBES.FILE {} [get_hw_devices xc7a100t_0]
set_property FULL_PROBES.FILE {} [get_hw_devices xc7a100t_0]
set_property PROGRAM.FILE {/home/engin/nekoichiarticle/part16/nekoichi.runs/impl_1/nekotop.bit} [get_hw_devices xc7a100t_0]
program_hw_devices [get_hw_devices xc7a100t_0]
refresh_hw_device [lindex [get_hw_devices xc7a100t_0] 0]
close_hw_manager
open_run impl_1
close_design
open_run impl_1
close_design
update_compile_order -fileset sources_1
update_compile_order -fileset sources_1
reset_run synth_1
launch_runs impl_1 -jobs 16
wait_on_run impl_1
launch_runs impl_1 -to_step write_bitstream -jobs 16
wait_on_run impl_1
open_hw_manager
connect_hw_server -allow_non_jtag
open_hw_target
set_property PROGRAM.FILE {/home/engin/nekoichiarticle/part16/nekoichi.runs/impl_1/nekotop.bit} [get_hw_devices xc7a100t_0]
current_hw_device [get_hw_devices xc7a100t_0]
refresh_hw_device -update_hw_probes false [lindex [get_hw_devices xc7a100t_0] 0]
create_hw_cfgmem -hw_device [get_hw_devices xc7a100t_0] -mem_dev [lindex [get_cfgmem_parts {s25fl128sxxxxxx0-spi-x1_x2_x4}] 0]
set_property PROBES.FILE {} [get_hw_devices xc7a100t_0]
set_property FULL_PROBES.FILE {} [get_hw_devices xc7a100t_0]
set_property PROGRAM.FILE {/home/engin/nekoichiarticle/part16/nekoichi.runs/impl_1/nekotop.bit} [get_hw_devices xc7a100t_0]
program_hw_devices [get_hw_devices xc7a100t_0]
refresh_hw_device [lindex [get_hw_devices xc7a100t_0] 0]
close_hw_manager
open_run impl_1
close_design
reset_run synth_1
launch_runs impl_1 -to_step write_bitstream -jobs 16
wait_on_run impl_1
open_hw_manager
connect_hw_server -allow_non_jtag
open_hw_target
set_property PROGRAM.FILE {/home/engin/nekoichiarticle/part16/nekoichi.runs/impl_1/nekotop.bit} [get_hw_devices xc7a100t_0]
current_hw_device [get_hw_devices xc7a100t_0]
refresh_hw_device -update_hw_probes false [lindex [get_hw_devices xc7a100t_0] 0]
create_hw_cfgmem -hw_device [get_hw_devices xc7a100t_0] -mem_dev [lindex [get_cfgmem_parts {s25fl128sxxxxxx0-spi-x1_x2_x4}] 0]
set_property PROBES.FILE {} [get_hw_devices xc7a100t_0]
set_property FULL_PROBES.FILE {} [get_hw_devices xc7a100t_0]
set_property PROGRAM.FILE {/home/engin/nekoichiarticle/part16/nekoichi.runs/impl_1/nekotop.bit} [get_hw_devices xc7a100t_0]
program_hw_devices [get_hw_devices xc7a100t_0]
refresh_hw_device [lindex [get_hw_devices xc7a100t_0] 0]
close_hw_manager
set_property -dict [list CONFIG.CLKOUT1_REQUESTED_OUT_FREQ {150} CONFIG.MMCM_CLKFBOUT_MULT_F {10.500} CONFIG.MMCM_CLKOUT0_DIVIDE_F {7.000} CONFIG.MMCM_CLKOUT1_DIVIDE {105} CONFIG.CLKOUT1_JITTER {116.798} CONFIG.CLKOUT1_PHASE_ERROR {94.994} CONFIG.CLKOUT2_JITTER {202.666} CONFIG.CLKOUT2_PHASE_ERROR {94.994}] [get_ips clockgen]
generate_target all [get_files  /home/engin/nekoichiarticle/part16/nekoichi.srcs/sources_1/ip/clockgen/clockgen.xci]
catch { config_ip_cache -export [get_ips -all clockgen] }
export_ip_user_files -of_objects [get_files /home/engin/nekoichiarticle/part16/nekoichi.srcs/sources_1/ip/clockgen/clockgen.xci] -no_script -sync -force -quiet
create_ip_run [get_files -of_objects [get_fileset sources_1] /home/engin/nekoichiarticle/part16/nekoichi.srcs/sources_1/ip/clockgen/clockgen.xci]
launch_runs clockgen_synth_1 -jobs 16
wait_on_run clockgen_synth_1
export_simulation -of_objects [get_files /home/engin/nekoichiarticle/part16/nekoichi.srcs/sources_1/ip/clockgen/clockgen.xci] -directory /home/engin/nekoichiarticle/part16/nekoichi.ip_user_files/sim_scripts -ip_user_files_dir /home/engin/nekoichiarticle/part16/nekoichi.ip_user_files -ipstatic_source_dir /home/engin/nekoichiarticle/part16/nekoichi.ip_user_files/ipstatic -lib_map_path [list {modelsim=/home/engin/nekoichiarticle/part16/nekoichi.cache/compile_simlib/modelsim} {questa=/home/engin/nekoichiarticle/part16/nekoichi.cache/compile_simlib/questa} {ies=/home/engin/nekoichiarticle/part16/nekoichi.cache/compile_simlib/ies} {xcelium=/home/engin/nekoichiarticle/part16/nekoichi.cache/compile_simlib/xcelium} {vcs=/home/engin/nekoichiarticle/part16/nekoichi.cache/compile_simlib/vcs} {riviera=/home/engin/nekoichiarticle/part16/nekoichi.cache/compile_simlib/riviera}] -use_ip_compiled_libs -force -quiet
reset_run synth_1
launch_simulation
open_wave_config /home/engin/nekoichiarticle/part16/nekoichi.srcs/sim_1/imports/part16/nekotop_behav.wcfg
source nekotop.tcl
add_force {/nekotop/RST_I} -radix hex {0 0ns}
add_force {/nekotop/CLK_I} -radix hex {0 0ns} {1 5000000fs} -repeat_every 10000000fs
restart
run all
run 1 us
restart
run all
save_wave_config {/home/engin/nekoichiarticle/part16/nekoichi.srcs/sim_1/imports/part16/nekotop_behav.wcfg}
relaunch_sim
add_force {/nekotop/RST_I} -radix hex {0 0ns}
add_force {/nekotop/CLK_I} -radix hex {0 0ns} {1 5000000fs} -repeat_every 10000000fs
run all
close_sim
launch_simulation
open_wave_config /home/engin/nekoichiarticle/part16/nekoichi.srcs/sim_1/imports/part16/nekotop_behav.wcfg
source nekotop.tcl
add_force {/nekotop/RST_I} -radix hex {0 0ns}
add_force {/nekotop/CLK_I} -radix hex {0 0ns} {1 5000000fs} -repeat_every 10000000fs
restart
run 1 us
run 1 us
run all
run all
save_wave_config {/home/engin/nekoichiarticle/part16/nekoichi.srcs/sim_1/imports/part16/nekotop_behav.wcfg}
save_wave_config {/home/engin/nekoichiarticle/part16/nekoichi.srcs/sim_1/imports/part16/nekotop_behav.wcfg}
relaunch_sim
add_force {/nekotop/RST_I} -radix hex {0 0ns}
add_force {/nekotop/CLK_I} -radix hex {0 0ns} {1 5000000fs} -repeat_every 10000000fs
run all
restart
run all
save_wave_config {/home/engin/nekoichiarticle/part16/nekoichi.srcs/sim_1/imports/part16/nekotop_behav.wcfg}
save_wave_config {/home/engin/nekoichiarticle/part16/nekoichi.srcs/sim_1/imports/part16/nekotop_behav.wcfg}
relaunch_sim
add_force {/nekotop/RST_I} -radix hex {0 0ns}
add_force {/nekotop/CLK_I} -radix hex {0 0ns} {1 5000000fs} -repeat_every 10000000fs
run all
run all
close_sim
launch_runs synth_1 -jobs 16
wait_on_run synth_1
launch_runs impl_1 -jobs 16
wait_on_run impl_1
launch_runs impl_1 -to_step write_bitstream -jobs 16
wait_on_run impl_1
open_hw_manager
connect_hw_server -allow_non_jtag
open_hw_target
set_property PROGRAM.FILE {/home/engin/nekoichiarticle/part16/nekoichi.runs/impl_1/nekotop.bit} [get_hw_devices xc7a100t_0]
current_hw_device [get_hw_devices xc7a100t_0]
refresh_hw_device -update_hw_probes false [lindex [get_hw_devices xc7a100t_0] 0]
create_hw_cfgmem -hw_device [get_hw_devices xc7a100t_0] -mem_dev [lindex [get_cfgmem_parts {s25fl128sxxxxxx0-spi-x1_x2_x4}] 0]
set_property PROBES.FILE {} [get_hw_devices xc7a100t_0]
set_property FULL_PROBES.FILE {} [get_hw_devices xc7a100t_0]
set_property PROGRAM.FILE {/home/engin/nekoichiarticle/part16/nekoichi.runs/impl_1/nekotop.bit} [get_hw_devices xc7a100t_0]
program_hw_devices [get_hw_devices xc7a100t_0]
refresh_hw_device [lindex [get_hw_devices xc7a100t_0] 0]
close_hw_manager
open_run impl_1
close_design
set_property -dict [list CONFIG.Register_PortA_Output_of_Memory_Primitives {true}] [get_ips sysmem]
generate_target all [get_files  /home/engin/nekoichiarticle/part16/nekoichi.srcs/sources_1/ip/sysmem/sysmem.xci]
export_ip_user_files -of_objects [get_files /home/engin/nekoichiarticle/part16/nekoichi.srcs/sources_1/ip/sysmem/sysmem.xci] -no_script -sync -force -quiet
export_simulation -of_objects [get_files /home/engin/nekoichiarticle/part16/nekoichi.srcs/sources_1/ip/sysmem/sysmem.xci] -directory /home/engin/nekoichiarticle/part16/nekoichi.ip_user_files/sim_scripts -ip_user_files_dir /home/engin/nekoichiarticle/part16/nekoichi.ip_user_files -ipstatic_source_dir /home/engin/nekoichiarticle/part16/nekoichi.ip_user_files/ipstatic -lib_map_path [list {modelsim=/home/engin/nekoichiarticle/part16/nekoichi.cache/compile_simlib/modelsim} {questa=/home/engin/nekoichiarticle/part16/nekoichi.cache/compile_simlib/questa} {ies=/home/engin/nekoichiarticle/part16/nekoichi.cache/compile_simlib/ies} {xcelium=/home/engin/nekoichiarticle/part16/nekoichi.cache/compile_simlib/xcelium} {vcs=/home/engin/nekoichiarticle/part16/nekoichi.cache/compile_simlib/vcs} {riviera=/home/engin/nekoichiarticle/part16/nekoichi.cache/compile_simlib/riviera}] -use_ip_compiled_libs -force -quiet
launch_simulation
open_wave_config /home/engin/nekoichiarticle/part16/nekoichi.srcs/sim_1/imports/part16/nekotop_behav.wcfg
source nekotop.tcl
add_force {/nekotop/RST_I} -radix hex {0 0ns}
add_force {/nekotop/CLK_I} -radix hex {0 0ns} {1 5000000fs} -repeat_every 10000000fs
run all
relaunch_sim
relaunch_sim
add_force {/nekotop/RST_I} -radix hex {0 0ns}
add_force {/nekotop/CLK_I} -radix hex {0 0ns} {1 5000000fs} -repeat_every 10000000fs
restart
run all
restart
run all
save_wave_config {/home/engin/nekoichiarticle/part16/nekoichi.srcs/sim_1/imports/part16/nekotop_behav.wcfg}
close_sim
reset_target all [get_files  /home/engin/nekoichiarticle/part16/nekoichi.srcs/sources_1/ip/sysmem/sysmem.xci]
export_ip_user_files -of_objects  [get_files  /home/engin/nekoichiarticle/part16/nekoichi.srcs/sources_1/ip/sysmem/sysmem.xci] -sync -no_script -force -quiet
generate_target Simulation [get_files /home/engin/nekoichiarticle/part16/nekoichi.srcs/sources_1/ip/sysmem/sysmem.xci]
export_ip_user_files -of_objects [get_files /home/engin/nekoichiarticle/part16/nekoichi.srcs/sources_1/ip/sysmem/sysmem.xci] -no_script -sync -force -quiet
export_simulation -of_objects [get_files /home/engin/nekoichiarticle/part16/nekoichi.srcs/sources_1/ip/sysmem/sysmem.xci] -directory /home/engin/nekoichiarticle/part16/nekoichi.ip_user_files/sim_scripts -ip_user_files_dir /home/engin/nekoichiarticle/part16/nekoichi.ip_user_files -ipstatic_source_dir /home/engin/nekoichiarticle/part16/nekoichi.ip_user_files/ipstatic -lib_map_path [list {modelsim=/home/engin/nekoichiarticle/part16/nekoichi.cache/compile_simlib/modelsim} {questa=/home/engin/nekoichiarticle/part16/nekoichi.cache/compile_simlib/questa} {ies=/home/engin/nekoichiarticle/part16/nekoichi.cache/compile_simlib/ies} {xcelium=/home/engin/nekoichiarticle/part16/nekoichi.cache/compile_simlib/xcelium} {vcs=/home/engin/nekoichiarticle/part16/nekoichi.cache/compile_simlib/vcs} {riviera=/home/engin/nekoichiarticle/part16/nekoichi.cache/compile_simlib/riviera}] -use_ip_compiled_libs -force -quiet
launch_simulation
open_wave_config /home/engin/nekoichiarticle/part16/nekoichi.srcs/sim_1/imports/part16/nekotop_behav.wcfg
source nekotop.tcl
add_force {/nekotop/RST_I} -radix hex {0 0ns}
add_force {/nekotop/CLK_I} -radix hex {0 0ns} {1 5000000fs} -repeat_every 10000000fs
run all
close_sim
set_property -dict [list CONFIG.Operating_Mode_A {READ_FIRST} CONFIG.Register_PortA_Output_of_Memory_Primitives {false} CONFIG.Register_PortA_Output_of_Memory_Core {false}] [get_ips sysmem]
generate_target all [get_files  /home/engin/nekoichiarticle/part16/nekoichi.srcs/sources_1/ip/sysmem/sysmem.xci]
export_ip_user_files -of_objects [get_files /home/engin/nekoichiarticle/part16/nekoichi.srcs/sources_1/ip/sysmem/sysmem.xci] -no_script -sync -force -quiet
export_simulation -of_objects [get_files /home/engin/nekoichiarticle/part16/nekoichi.srcs/sources_1/ip/sysmem/sysmem.xci] -directory /home/engin/nekoichiarticle/part16/nekoichi.ip_user_files/sim_scripts -ip_user_files_dir /home/engin/nekoichiarticle/part16/nekoichi.ip_user_files -ipstatic_source_dir /home/engin/nekoichiarticle/part16/nekoichi.ip_user_files/ipstatic -lib_map_path [list {modelsim=/home/engin/nekoichiarticle/part16/nekoichi.cache/compile_simlib/modelsim} {questa=/home/engin/nekoichiarticle/part16/nekoichi.cache/compile_simlib/questa} {ies=/home/engin/nekoichiarticle/part16/nekoichi.cache/compile_simlib/ies} {xcelium=/home/engin/nekoichiarticle/part16/nekoichi.cache/compile_simlib/xcelium} {vcs=/home/engin/nekoichiarticle/part16/nekoichi.cache/compile_simlib/vcs} {riviera=/home/engin/nekoichiarticle/part16/nekoichi.cache/compile_simlib/riviera}] -use_ip_compiled_libs -force -quiet
reset_target all [get_files  /home/engin/nekoichiarticle/part16/nekoichi.srcs/sources_1/ip/sysmem/sysmem.xci]
export_ip_user_files -of_objects  [get_files  /home/engin/nekoichiarticle/part16/nekoichi.srcs/sources_1/ip/sysmem/sysmem.xci] -sync -no_script -force -quiet
generate_target Simulation [get_files /home/engin/nekoichiarticle/part16/nekoichi.srcs/sources_1/ip/sysmem/sysmem.xci]
export_ip_user_files -of_objects [get_files /home/engin/nekoichiarticle/part16/nekoichi.srcs/sources_1/ip/sysmem/sysmem.xci] -no_script -sync -force -quiet
export_simulation -of_objects [get_files /home/engin/nekoichiarticle/part16/nekoichi.srcs/sources_1/ip/sysmem/sysmem.xci] -directory /home/engin/nekoichiarticle/part16/nekoichi.ip_user_files/sim_scripts -ip_user_files_dir /home/engin/nekoichiarticle/part16/nekoichi.ip_user_files -ipstatic_source_dir /home/engin/nekoichiarticle/part16/nekoichi.ip_user_files/ipstatic -lib_map_path [list {modelsim=/home/engin/nekoichiarticle/part16/nekoichi.cache/compile_simlib/modelsim} {questa=/home/engin/nekoichiarticle/part16/nekoichi.cache/compile_simlib/questa} {ies=/home/engin/nekoichiarticle/part16/nekoichi.cache/compile_simlib/ies} {xcelium=/home/engin/nekoichiarticle/part16/nekoichi.cache/compile_simlib/xcelium} {vcs=/home/engin/nekoichiarticle/part16/nekoichi.cache/compile_simlib/vcs} {riviera=/home/engin/nekoichiarticle/part16/nekoichi.cache/compile_simlib/riviera}] -use_ip_compiled_libs -force -quiet
launch_simulation
open_wave_config /home/engin/nekoichiarticle/part16/nekoichi.srcs/sim_1/imports/part16/nekotop_behav.wcfg
source nekotop.tcl
add_force {/nekotop/RST_I} -radix hex {0 0ns}
add_force {/nekotop/CLK_I} -radix hex {0 0ns} {1 5000000fs} -repeat_every 10000000fs
run all
save_wave_config {/home/engin/nekoichiarticle/part16/nekoichi.srcs/sim_1/imports/part16/nekotop_behav.wcfg}
close_sim
reset_run synth_1
launch_runs synth_1 -jobs 16
wait_on_run synth_1
launch_runs impl_1 -jobs 16
wait_on_run impl_1
open_run impl_1
close_design
close_project
open_project /home/engin/nekoichiarticle/part16/nekoichi.xpr
reset_run synth_1
update_compile_order -fileset sources_1
launch_simulation
open_wave_config /home/engin/nekoichiarticle/part16/nekoichi.srcs/sim_1/imports/part16/nekotop_behav.wcfg
source nekotop.tcl
add_force {/nekotop/RST_I} -radix hex {0 0ns}
add_force {/nekotop/CLK_I} -radix hex {0 0ns} {1 5000000fs} -repeat_every 10000000fs
restart
run all
close_sim
set_property -dict [list CONFIG.CLKOUT1_REQUESTED_OUT_FREQ {100} CONFIG.MMCM_CLKFBOUT_MULT_F {11.500} CONFIG.MMCM_CLKOUT0_DIVIDE_F {11.500} CONFIG.MMCM_CLKOUT1_DIVIDE {115} CONFIG.CLKOUT1_JITTER {119.372} CONFIG.CLKOUT1_PHASE_ERROR {89.598} CONFIG.CLKOUT2_JITTER {193.419} CONFIG.CLKOUT2_PHASE_ERROR {89.598}] [get_ips clockgen]
generate_target all [get_files  /home/engin/nekoichiarticle/part16/nekoichi.srcs/sources_1/ip/clockgen/clockgen.xci]
catch { config_ip_cache -export [get_ips -all clockgen] }
export_ip_user_files -of_objects [get_files /home/engin/nekoichiarticle/part16/nekoichi.srcs/sources_1/ip/clockgen/clockgen.xci] -no_script -sync -force -quiet
reset_run clockgen_synth_1
launch_runs clockgen_synth_1 -jobs 16
wait_on_run clockgen_synth_1
export_simulation -of_objects [get_files /home/engin/nekoichiarticle/part16/nekoichi.srcs/sources_1/ip/clockgen/clockgen.xci] -directory /home/engin/nekoichiarticle/part16/nekoichi.ip_user_files/sim_scripts -ip_user_files_dir /home/engin/nekoichiarticle/part16/nekoichi.ip_user_files -ipstatic_source_dir /home/engin/nekoichiarticle/part16/nekoichi.ip_user_files/ipstatic -lib_map_path [list {modelsim=/home/engin/nekoichiarticle/part16/nekoichi.cache/compile_simlib/modelsim} {questa=/home/engin/nekoichiarticle/part16/nekoichi.cache/compile_simlib/questa} {ies=/home/engin/nekoichiarticle/part16/nekoichi.cache/compile_simlib/ies} {xcelium=/home/engin/nekoichiarticle/part16/nekoichi.cache/compile_simlib/xcelium} {vcs=/home/engin/nekoichiarticle/part16/nekoichi.cache/compile_simlib/vcs} {riviera=/home/engin/nekoichiarticle/part16/nekoichi.cache/compile_simlib/riviera}] -use_ip_compiled_libs -force -quiet
launch_runs synth_1 -jobs 16
wait_on_run synth_1
reset_run synth_1
synth_design -rtl -rtl_skip_mlo -name rtl_1
report_drc -name drc_1 -ruledecks {default}
close_design
launch_runs synth_1 -jobs 16
wait_on_run synth_1
launch_runs impl_1 -jobs 16
wait_on_run impl_1
launch_runs impl_1 -to_step write_bitstream -jobs 16
wait_on_run impl_1
open_hw_manager
connect_hw_server -allow_non_jtag
open_hw_target
set_property PROGRAM.FILE {/home/engin/nekoichiarticle/part16/nekoichi.runs/impl_1/nekotop.bit} [get_hw_devices xc7a100t_0]
current_hw_device [get_hw_devices xc7a100t_0]
refresh_hw_device -update_hw_probes false [lindex [get_hw_devices xc7a100t_0] 0]
create_hw_cfgmem -hw_device [get_hw_devices xc7a100t_0] -mem_dev [lindex [get_cfgmem_parts {s25fl128sxxxxxx0-spi-x1_x2_x4}] 0]
set_property PROBES.FILE {} [get_hw_devices xc7a100t_0]
set_property FULL_PROBES.FILE {} [get_hw_devices xc7a100t_0]
set_property PROGRAM.FILE {/home/engin/nekoichiarticle/part16/nekoichi.runs/impl_1/nekotop.bit} [get_hw_devices xc7a100t_0]
program_hw_devices [get_hw_devices xc7a100t_0]
refresh_hw_device [lindex [get_hw_devices xc7a100t_0] 0]
close_hw_manager
reset_run synth_1
launch_runs synth_1 -jobs 16
wait_on_run synth_1
launch_runs impl_1 -jobs 16
wait_on_run impl_1
launch_runs impl_1 -to_step write_bitstream -jobs 16
wait_on_run impl_1
open_hw_manager
connect_hw_server -allow_non_jtag
open_hw_target
set_property PROGRAM.FILE {/home/engin/nekoichiarticle/part16/nekoichi.runs/impl_1/nekotop.bit} [get_hw_devices xc7a100t_0]
current_hw_device [get_hw_devices xc7a100t_0]
refresh_hw_device -update_hw_probes false [lindex [get_hw_devices xc7a100t_0] 0]
create_hw_cfgmem -hw_device [get_hw_devices xc7a100t_0] -mem_dev [lindex [get_cfgmem_parts {s25fl128sxxxxxx0-spi-x1_x2_x4}] 0]
set_property PROBES.FILE {} [get_hw_devices xc7a100t_0]
set_property FULL_PROBES.FILE {} [get_hw_devices xc7a100t_0]
set_property PROGRAM.FILE {/home/engin/nekoichiarticle/part16/nekoichi.runs/impl_1/nekotop.bit} [get_hw_devices xc7a100t_0]
program_hw_devices [get_hw_devices xc7a100t_0]
refresh_hw_device [lindex [get_hw_devices xc7a100t_0] 0]
close_hw_manager
open_run impl_1
open_hw_manager
connect_hw_server -allow_non_jtag
open_hw_target
set_property PROGRAM.FILE {/home/engin/nekoichiarticle/part16/nekoichi.runs/impl_1/nekotop.bit} [get_hw_devices xc7a100t_0]
current_hw_device [get_hw_devices xc7a100t_0]
refresh_hw_device -update_hw_probes false [lindex [get_hw_devices xc7a100t_0] 0]
create_hw_cfgmem -hw_device [get_hw_devices xc7a100t_0] -mem_dev [lindex [get_cfgmem_parts {s25fl128sxxxxxx0-spi-x1_x2_x4}] 0]
set_property PROBES.FILE {} [get_hw_devices xc7a100t_0]
set_property FULL_PROBES.FILE {} [get_hw_devices xc7a100t_0]
set_property PROGRAM.FILE {/home/engin/nekoichiarticle/part16/nekoichi.runs/impl_1/nekotop.bit} [get_hw_devices xc7a100t_0]
program_hw_devices [get_hw_devices xc7a100t_0]
refresh_hw_device [lindex [get_hw_devices xc7a100t_0] 0]
set_property PROBES.FILE {} [get_hw_devices xc7a100t_0]
set_property FULL_PROBES.FILE {} [get_hw_devices xc7a100t_0]
set_property PROGRAM.FILE {/home/engin/nekoichiarticle/part16/nekoichi.runs/impl_1/nekotop.bit} [get_hw_devices xc7a100t_0]
program_hw_devices [get_hw_devices xc7a100t_0]
refresh_hw_device [lindex [get_hw_devices xc7a100t_0] 0]
close_hw_manager
close_design
update_compile_order -fileset sources_1
reset_run synth_1
launch_runs impl_1 -to_step write_bitstream -jobs 16
wait_on_run impl_1
open_run impl_1
close_design
create_ip -name fifo_generator -vendor xilinx.com -library ip -version 13.2 -module_name audiofifo
set_property -dict [list CONFIG.Component_Name {audiofifo} CONFIG.Fifo_Implementation {Independent_Clocks_Block_RAM} CONFIG.Input_Data_Width {32} CONFIG.Output_Data_Width {32} CONFIG.Reset_Type {Asynchronous_Reset} CONFIG.Full_Flags_Reset_Value {1} CONFIG.Valid_Flag {true} CONFIG.Full_Threshold_Assert_Value {1021} CONFIG.Full_Threshold_Negate_Value {1020} CONFIG.Enable_Safety_Circuit {false}] [get_ips audiofifo]
generate_target {instantiation_template} [get_files /home/engin/nekoichiarticle/part16/nekoichi.srcs/sources_1/ip/audiofifo/audiofifo.xci]
generate_target all [get_files  /home/engin/nekoichiarticle/part16/nekoichi.srcs/sources_1/ip/audiofifo/audiofifo.xci]
catch { config_ip_cache -export [get_ips -all audiofifo] }
export_ip_user_files -of_objects [get_files /home/engin/nekoichiarticle/part16/nekoichi.srcs/sources_1/ip/audiofifo/audiofifo.xci] -no_script -sync -force -quiet
create_ip_run [get_files -of_objects [get_fileset sources_1] /home/engin/nekoichiarticle/part16/nekoichi.srcs/sources_1/ip/audiofifo/audiofifo.xci]
export_simulation -of_objects [get_files /home/engin/nekoichiarticle/part16/nekoichi.srcs/sources_1/ip/audiofifo/audiofifo.xci] -directory /home/engin/nekoichiarticle/part16/nekoichi.ip_user_files/sim_scripts -ip_user_files_dir /home/engin/nekoichiarticle/part16/nekoichi.ip_user_files -ipstatic_source_dir /home/engin/nekoichiarticle/part16/nekoichi.ip_user_files/ipstatic -lib_map_path [list {modelsim=/home/engin/nekoichiarticle/part16/nekoichi.cache/compile_simlib/modelsim} {questa=/home/engin/nekoichiarticle/part16/nekoichi.cache/compile_simlib/questa} {ies=/home/engin/nekoichiarticle/part16/nekoichi.cache/compile_simlib/ies} {xcelium=/home/engin/nekoichiarticle/part16/nekoichi.cache/compile_simlib/xcelium} {vcs=/home/engin/nekoichiarticle/part16/nekoichi.cache/compile_simlib/vcs} {riviera=/home/engin/nekoichiarticle/part16/nekoichi.cache/compile_simlib/riviera}] -use_ip_compiled_libs -force -quiet
update_compile_order -fileset sources_1
update_compile_order -fileset sources_1
reset_run synth_1
launch_runs synth_1 -jobs 16
wait_on_run synth_1
reset_run synth_1
launch_runs synth_1 -jobs 16
wait_on_run synth_1
launch_runs impl_1 -to_step write_bitstream -jobs 16
wait_on_run impl_1
open_hw_manager
connect_hw_server -allow_non_jtag
open_hw_target
set_property PROGRAM.FILE {/home/engin/nekoichiarticle/part16/nekoichi.runs/impl_1/nekotop.bit} [get_hw_devices xc7a100t_0]
current_hw_device [get_hw_devices xc7a100t_0]
refresh_hw_device -update_hw_probes false [lindex [get_hw_devices xc7a100t_0] 0]
create_hw_cfgmem -hw_device [get_hw_devices xc7a100t_0] -mem_dev [lindex [get_cfgmem_parts {s25fl128sxxxxxx0-spi-x1_x2_x4}] 0]
set_property PROBES.FILE {} [get_hw_devices xc7a100t_0]
set_property FULL_PROBES.FILE {} [get_hw_devices xc7a100t_0]
set_property PROGRAM.FILE {/home/engin/nekoichiarticle/part16/nekoichi.runs/impl_1/nekotop.bit} [get_hw_devices xc7a100t_0]
program_hw_devices [get_hw_devices xc7a100t_0]
refresh_hw_device [lindex [get_hw_devices xc7a100t_0] 0]
close_hw_manager
reset_run synth_1
launch_runs impl_1 -to_step write_bitstream -jobs 16
wait_on_run impl_1
open_hw_manager
connect_hw_server -allow_non_jtag
open_hw_target
set_property PROGRAM.FILE {/home/engin/nekoichiarticle/part16/nekoichi.runs/impl_1/nekotop.bit} [get_hw_devices xc7a100t_0]
current_hw_device [get_hw_devices xc7a100t_0]
refresh_hw_device -update_hw_probes false [lindex [get_hw_devices xc7a100t_0] 0]
create_hw_cfgmem -hw_device [get_hw_devices xc7a100t_0] -mem_dev [lindex [get_cfgmem_parts {s25fl128sxxxxxx0-spi-x1_x2_x4}] 0]
set_property PROBES.FILE {} [get_hw_devices xc7a100t_0]
set_property FULL_PROBES.FILE {} [get_hw_devices xc7a100t_0]
set_property PROGRAM.FILE {/home/engin/nekoichiarticle/part16/nekoichi.runs/impl_1/nekotop.bit} [get_hw_devices xc7a100t_0]
program_hw_devices [get_hw_devices xc7a100t_0]
refresh_hw_device [lindex [get_hw_devices xc7a100t_0] 0]
close_hw_manager
set_property STEPS.WRITE_BITSTREAM.ARGS.BIN_FILE true [get_runs impl_1]
reset_run impl_1 -prev_step 
launch_runs impl_1 -to_step write_bitstream -jobs 16
wait_on_run impl_1
open_hw_manager
connect_hw_server -allow_non_jtag
open_hw_target
set_property PROGRAM.FILE {/home/engin/nekoichiarticle/part16/nekoichi.runs/impl_1/nekotop.bit} [get_hw_devices xc7a100t_0]
current_hw_device [get_hw_devices xc7a100t_0]
refresh_hw_device -update_hw_probes false [lindex [get_hw_devices xc7a100t_0] 0]
create_hw_cfgmem -hw_device [get_hw_devices xc7a100t_0] -mem_dev [lindex [get_cfgmem_parts {s25fl128sxxxxxx0-spi-x1_x2_x4}] 0]
set_property PROGRAM.ADDRESS_RANGE  {use_file} [ get_property PROGRAM.HW_CFGMEM [lindex [get_hw_devices xc7a100t_0] 0]]
set_property PROGRAM.FILES [list "/home/engin/nekoichiarticle/part16/nekoichi.runs/impl_1/nekotop.bin" ] [ get_property PROGRAM.HW_CFGMEM [lindex [get_hw_devices xc7a100t_0] 0]]
set_property PROGRAM.PRM_FILE {} [ get_property PROGRAM.HW_CFGMEM [lindex [get_hw_devices xc7a100t_0] 0]]
set_property PROGRAM.UNUSED_PIN_TERMINATION {pull-none} [ get_property PROGRAM.HW_CFGMEM [lindex [get_hw_devices xc7a100t_0] 0]]
set_property PROGRAM.BLANK_CHECK  0 [ get_property PROGRAM.HW_CFGMEM [lindex [get_hw_devices xc7a100t_0] 0]]
set_property PROGRAM.ERASE  1 [ get_property PROGRAM.HW_CFGMEM [lindex [get_hw_devices xc7a100t_0] 0]]
set_property PROGRAM.CFG_PROGRAM  1 [ get_property PROGRAM.HW_CFGMEM [lindex [get_hw_devices xc7a100t_0] 0]]
set_property PROGRAM.VERIFY  1 [ get_property PROGRAM.HW_CFGMEM [lindex [get_hw_devices xc7a100t_0] 0]]
set_property PROGRAM.CHECKSUM  0 [ get_property PROGRAM.HW_CFGMEM [lindex [get_hw_devices xc7a100t_0] 0]]
startgroup 
create_hw_bitstream -hw_device [lindex [get_hw_devices xc7a100t_0] 0] [get_property PROGRAM.HW_CFGMEM_BITFILE [ lindex [get_hw_devices xc7a100t_0] 0]]; program_hw_devices [lindex [get_hw_devices xc7a100t_0] 0]; refresh_hw_device [lindex [get_hw_devices xc7a100t_0] 0];
program_hw_cfgmem -hw_cfgmem [ get_property PROGRAM.HW_CFGMEM [lindex [get_hw_devices xc7a100t_0] 0]]
endgroup
close_hw_manager
reset_run synth_1
launch_runs impl_1 -to_step write_bitstream -jobs 16
wait_on_run impl_1
open_hw_manager
connect_hw_server -allow_non_jtag
open_hw_target
set_property PROGRAM.FILE {/home/engin/nekoichiarticle/part16/nekoichi.runs/impl_1/nekotop.bit} [get_hw_devices xc7a100t_0]
current_hw_device [get_hw_devices xc7a100t_0]
refresh_hw_device -update_hw_probes false [lindex [get_hw_devices xc7a100t_0] 0]
create_hw_cfgmem -hw_device [get_hw_devices xc7a100t_0] -mem_dev [lindex [get_cfgmem_parts {s25fl128sxxxxxx0-spi-x1_x2_x4}] 0]
set_property PROBES.FILE {} [get_hw_devices xc7a100t_0]
set_property FULL_PROBES.FILE {} [get_hw_devices xc7a100t_0]
set_property PROGRAM.FILE {/home/engin/nekoichiarticle/part16/nekoichi.runs/impl_1/nekotop.bit} [get_hw_devices xc7a100t_0]
program_hw_devices [get_hw_devices xc7a100t_0]
refresh_hw_device [lindex [get_hw_devices xc7a100t_0] 0]
set_property PROBES.FILE {} [get_hw_devices xc7a100t_0]
set_property FULL_PROBES.FILE {} [get_hw_devices xc7a100t_0]
set_property PROGRAM.FILE {/home/engin/nekoichiarticle/part16/nekoichi.runs/impl_1/nekotop.bit} [get_hw_devices xc7a100t_0]
program_hw_devices [get_hw_devices xc7a100t_0]
refresh_hw_device [lindex [get_hw_devices xc7a100t_0] 0]
set_property PROBES.FILE {} [get_hw_devices xc7a100t_0]
set_property FULL_PROBES.FILE {} [get_hw_devices xc7a100t_0]
set_property PROGRAM.FILE {/home/engin/nekoichiarticle/part16/nekoichi.runs/impl_1/nekotop.bit} [get_hw_devices xc7a100t_0]
program_hw_devices [get_hw_devices xc7a100t_0]
refresh_hw_device [lindex [get_hw_devices xc7a100t_0] 0]
set_property PROBES.FILE {} [get_hw_devices xc7a100t_0]
set_property FULL_PROBES.FILE {} [get_hw_devices xc7a100t_0]
set_property PROGRAM.FILE {/home/engin/nekoichiarticle/part16/nekoichi.runs/impl_1/nekotop.bit} [get_hw_devices xc7a100t_0]
program_hw_devices [get_hw_devices xc7a100t_0]
refresh_hw_device [lindex [get_hw_devices xc7a100t_0] 0]
set_property PROBES.FILE {} [get_hw_devices xc7a100t_0]
set_property FULL_PROBES.FILE {} [get_hw_devices xc7a100t_0]
set_property PROGRAM.FILE {/home/engin/nekoichiarticle/part16/nekoichi.runs/impl_1/nekotop.bit} [get_hw_devices xc7a100t_0]
program_hw_devices [get_hw_devices xc7a100t_0]
refresh_hw_device [lindex [get_hw_devices xc7a100t_0] 0]
close_hw_manager
reset_run synth_1
launch_runs synth_1 -jobs 16
wait_on_run synth_1
launch_runs impl_1 -jobs 16
wait_on_run impl_1
reset_run impl_1
reset_run synth_1
launch_runs synth_1 -jobs 16
wait_on_run synth_1
launch_runs impl_1 -jobs 16
wait_on_run impl_1
launch_runs impl_1 -to_step write_bitstream -jobs 16
wait_on_run impl_1
open_hw_manager
connect_hw_server -allow_non_jtag
open_hw_target
current_hw_device [get_hw_devices xc7a100t_0]
refresh_hw_device -update_hw_probes false [lindex [get_hw_devices xc7a100t_0] 0]
create_hw_cfgmem -hw_device [get_hw_devices xc7a100t_0] -mem_dev [lindex [get_cfgmem_parts {s25fl128sxxxxxx0-spi-x1_x2_x4}] 0]
set_property PROBES.FILE {} [get_hw_devices xc7a100t_0]
set_property FULL_PROBES.FILE {} [get_hw_devices xc7a100t_0]
set_property PROGRAM.FILE {/home/engin/nekoichiarticle/part16/nekoichi.runs/impl_1/nekotop.bit} [get_hw_devices xc7a100t_0]
program_hw_devices [get_hw_devices xc7a100t_0]
refresh_hw_device [lindex [get_hw_devices xc7a100t_0] 0]
close_hw_manager
reset_run synth_1
open_hw_manager
connect_hw_server -allow_non_jtag
open_hw_target
current_hw_device [get_hw_devices xc7a100t_0]
refresh_hw_device -update_hw_probes false [lindex [get_hw_devices xc7a100t_0] 0]
create_hw_cfgmem -hw_device [get_hw_devices xc7a100t_0] -mem_dev [lindex [get_cfgmem_parts {s25fl128sxxxxxx0-spi-x1_x2_x4}] 0]
close_hw_manager
reset_target all [get_files  /home/engin/nekoichiarticle/part16/nekoichi.srcs/sources_1/ip/sysmem/sysmem.xci]
export_ip_user_files -of_objects  [get_files  /home/engin/nekoichiarticle/part16/nekoichi.srcs/sources_1/ip/sysmem/sysmem.xci] -sync -no_script -force -quiet
generate_target Simulation [get_files /home/engin/nekoichiarticle/part16/nekoichi.srcs/sources_1/ip/sysmem/sysmem.xci]
export_ip_user_files -of_objects [get_files /home/engin/nekoichiarticle/part16/nekoichi.srcs/sources_1/ip/sysmem/sysmem.xci] -no_script -sync -force -quiet
export_simulation -of_objects [get_files /home/engin/nekoichiarticle/part16/nekoichi.srcs/sources_1/ip/sysmem/sysmem.xci] -directory /home/engin/nekoichiarticle/part16/nekoichi.ip_user_files/sim_scripts -ip_user_files_dir /home/engin/nekoichiarticle/part16/nekoichi.ip_user_files -ipstatic_source_dir /home/engin/nekoichiarticle/part16/nekoichi.ip_user_files/ipstatic -lib_map_path [list {modelsim=/home/engin/nekoichiarticle/part16/nekoichi.cache/compile_simlib/modelsim} {questa=/home/engin/nekoichiarticle/part16/nekoichi.cache/compile_simlib/questa} {ies=/home/engin/nekoichiarticle/part16/nekoichi.cache/compile_simlib/ies} {xcelium=/home/engin/nekoichiarticle/part16/nekoichi.cache/compile_simlib/xcelium} {vcs=/home/engin/nekoichiarticle/part16/nekoichi.cache/compile_simlib/vcs} {riviera=/home/engin/nekoichiarticle/part16/nekoichi.cache/compile_simlib/riviera}] -use_ip_compiled_libs -force -quiet
launch_simulation
open_wave_config /home/engin/nekoichiarticle/part16/nekoichi.srcs/sim_1/imports/part16/nekotop_behav.wcfg
source nekotop.tcl
add_force {/nekotop/RST_I} -radix hex {0 0ns}
add_force {/nekotop/CLK_I} -radix hex {0 0ns} {1 5000000fs} -repeat_every 10000000fs
run all
restart
run all
restart
run all
run all
run all
save_wave_config {/home/engin/nekoichiarticle/part16/nekoichi.srcs/sim_1/imports/part16/nekotop_behav.wcfg}
relaunch_sim
add_force {/nekotop/RST_I} -radix hex {0 0ns}
add_force {/nekotop/CLK_I} -radix hex {0 0ns} {1 5000000fs} -repeat_every 10000000fs
restart
run all
restart
run all
run all
save_wave_config {/home/engin/nekoichiarticle/part16/nekoichi.srcs/sim_1/imports/part16/nekotop_behav.wcfg}
relaunch_sim
add_force {/nekotop/RST_I} -radix hex {0 0ns}
add_force {/nekotop/CLK_I} -radix hex {0 0ns} {1 5000000fs} -repeat_every 10000000fs
run all
close_sim
launch_runs impl_1 -to_step write_bitstream -jobs 16
wait_on_run impl_1
open_hw_manager
connect_hw_server -allow_non_jtag
open_hw_target
set_property PROGRAM.FILE {/home/engin/nekoichiarticle/part16/nekoichi.runs/impl_1/nekotop.bit} [get_hw_devices xc7a100t_0]
current_hw_device [get_hw_devices xc7a100t_0]
refresh_hw_device -update_hw_probes false [lindex [get_hw_devices xc7a100t_0] 0]
create_hw_cfgmem -hw_device [get_hw_devices xc7a100t_0] -mem_dev [lindex [get_cfgmem_parts {s25fl128sxxxxxx0-spi-x1_x2_x4}] 0]
set_property PROBES.FILE {} [get_hw_devices xc7a100t_0]
set_property FULL_PROBES.FILE {} [get_hw_devices xc7a100t_0]
set_property PROGRAM.FILE {/home/engin/nekoichiarticle/part16/nekoichi.runs/impl_1/nekotop.bit} [get_hw_devices xc7a100t_0]
program_hw_devices [get_hw_devices xc7a100t_0]
refresh_hw_device [lindex [get_hw_devices xc7a100t_0] 0]
close_hw_manager
open_hw_manager
connect_hw_server -allow_non_jtag
open_hw_target
set_property PROGRAM.FILE {/home/engin/nekoichiarticle/part16/nekoichi.runs/impl_1/nekotop.bit} [get_hw_devices xc7a100t_0]
current_hw_device [get_hw_devices xc7a100t_0]
refresh_hw_device -update_hw_probes false [lindex [get_hw_devices xc7a100t_0] 0]
create_hw_cfgmem -hw_device [get_hw_devices xc7a100t_0] -mem_dev [lindex [get_cfgmem_parts {s25fl128sxxxxxx0-spi-x1_x2_x4}] 0]
set_property PROBES.FILE {} [get_hw_devices xc7a100t_0]
set_property FULL_PROBES.FILE {} [get_hw_devices xc7a100t_0]
set_property PROGRAM.FILE {/home/engin/nekoichiarticle/part16/nekoichi.runs/impl_1/nekotop.bit} [get_hw_devices xc7a100t_0]
program_hw_devices [get_hw_devices xc7a100t_0]
refresh_hw_device [lindex [get_hw_devices xc7a100t_0] 0]
set_property PROGRAM.ADDRESS_RANGE  {use_file} [ get_property PROGRAM.HW_CFGMEM [lindex [get_hw_devices xc7a100t_0] 0]]
set_property PROGRAM.FILES [list "/home/engin/nekoichiarticle/part16/nekoichi.runs/impl_1/nekotop.bin" ] [ get_property PROGRAM.HW_CFGMEM [lindex [get_hw_devices xc7a100t_0] 0]]
set_property PROGRAM.PRM_FILE {} [ get_property PROGRAM.HW_CFGMEM [lindex [get_hw_devices xc7a100t_0] 0]]
set_property PROGRAM.UNUSED_PIN_TERMINATION {pull-none} [ get_property PROGRAM.HW_CFGMEM [lindex [get_hw_devices xc7a100t_0] 0]]
set_property PROGRAM.BLANK_CHECK  0 [ get_property PROGRAM.HW_CFGMEM [lindex [get_hw_devices xc7a100t_0] 0]]
set_property PROGRAM.ERASE  1 [ get_property PROGRAM.HW_CFGMEM [lindex [get_hw_devices xc7a100t_0] 0]]
set_property PROGRAM.CFG_PROGRAM  1 [ get_property PROGRAM.HW_CFGMEM [lindex [get_hw_devices xc7a100t_0] 0]]
set_property PROGRAM.VERIFY  1 [ get_property PROGRAM.HW_CFGMEM [lindex [get_hw_devices xc7a100t_0] 0]]
set_property PROGRAM.CHECKSUM  0 [ get_property PROGRAM.HW_CFGMEM [lindex [get_hw_devices xc7a100t_0] 0]]
startgroup 
create_hw_bitstream -hw_device [lindex [get_hw_devices xc7a100t_0] 0] [get_property PROGRAM.HW_CFGMEM_BITFILE [ lindex [get_hw_devices xc7a100t_0] 0]]; program_hw_devices [lindex [get_hw_devices xc7a100t_0] 0]; refresh_hw_device [lindex [get_hw_devices xc7a100t_0] 0];
program_hw_cfgmem -hw_cfgmem [ get_property PROGRAM.HW_CFGMEM [lindex [get_hw_devices xc7a100t_0] 0]]
endgroup
close_hw_manager
reset_run synth_1
reset_target all [get_files  /home/engin/nekoichiarticle/part16/nekoichi.srcs/sources_1/ip/sysmem/sysmem.xci]
export_ip_user_files -of_objects  [get_files  /home/engin/nekoichiarticle/part16/nekoichi.srcs/sources_1/ip/sysmem/sysmem.xci] -sync -no_script -force -quiet
launch_runs impl_1 -to_step write_bitstream -jobs 16
wait_on_run impl_1
open_hw_manager
connect_hw_server -allow_non_jtag
open_hw_target
set_property PROGRAM.FILE {/home/engin/nekoichiarticle/part16/nekoichi.runs/impl_1/nekotop.bit} [get_hw_devices xc7a100t_0]
current_hw_device [get_hw_devices xc7a100t_0]
refresh_hw_device -update_hw_probes false [lindex [get_hw_devices xc7a100t_0] 0]
create_hw_cfgmem -hw_device [get_hw_devices xc7a100t_0] -mem_dev [lindex [get_cfgmem_parts {s25fl128sxxxxxx0-spi-x1_x2_x4}] 0]
set_property PROBES.FILE {} [get_hw_devices xc7a100t_0]
set_property FULL_PROBES.FILE {} [get_hw_devices xc7a100t_0]
set_property PROGRAM.FILE {/home/engin/nekoichiarticle/part16/nekoichi.runs/impl_1/nekotop.bit} [get_hw_devices xc7a100t_0]
program_hw_devices [get_hw_devices xc7a100t_0]
refresh_hw_device [lindex [get_hw_devices xc7a100t_0] 0]
close_hw_manager
reset_run synth_1
generate_target Simulation [get_files /home/engin/nekoichiarticle/part16/nekoichi.srcs/sources_1/ip/sysmem/sysmem.xci]
export_ip_user_files -of_objects [get_files /home/engin/nekoichiarticle/part16/nekoichi.srcs/sources_1/ip/sysmem/sysmem.xci] -no_script -sync -force -quiet
export_simulation -of_objects [get_files /home/engin/nekoichiarticle/part16/nekoichi.srcs/sources_1/ip/sysmem/sysmem.xci] -directory /home/engin/nekoichiarticle/part16/nekoichi.ip_user_files/sim_scripts -ip_user_files_dir /home/engin/nekoichiarticle/part16/nekoichi.ip_user_files -ipstatic_source_dir /home/engin/nekoichiarticle/part16/nekoichi.ip_user_files/ipstatic -lib_map_path [list {modelsim=/home/engin/nekoichiarticle/part16/nekoichi.cache/compile_simlib/modelsim} {questa=/home/engin/nekoichiarticle/part16/nekoichi.cache/compile_simlib/questa} {ies=/home/engin/nekoichiarticle/part16/nekoichi.cache/compile_simlib/ies} {xcelium=/home/engin/nekoichiarticle/part16/nekoichi.cache/compile_simlib/xcelium} {vcs=/home/engin/nekoichiarticle/part16/nekoichi.cache/compile_simlib/vcs} {riviera=/home/engin/nekoichiarticle/part16/nekoichi.cache/compile_simlib/riviera}] -use_ip_compiled_libs -force -quiet
launch_simulation
open_wave_config /home/engin/nekoichiarticle/part16/nekoichi.srcs/sim_1/imports/part16/nekotop_behav.wcfg
source nekotop.tcl
add_force {/nekotop/RST_I} -radix hex {0 0ns}
add_force {/nekotop/CLK_I} -radix hex {0 0ns} {1 5000000fs} -repeat_every 10000000fs
run all
close_sim
launch_runs impl_1 -to_step write_bitstream -jobs 16
wait_on_run impl_1
open_hw_manager
connect_hw_server -allow_non_jtag
open_hw_target
set_property PROGRAM.FILE {/home/engin/nekoichiarticle/part16/nekoichi.runs/impl_1/nekotop.bit} [get_hw_devices xc7a100t_0]
current_hw_device [get_hw_devices xc7a100t_0]
refresh_hw_device -update_hw_probes false [lindex [get_hw_devices xc7a100t_0] 0]
create_hw_cfgmem -hw_device [get_hw_devices xc7a100t_0] -mem_dev [lindex [get_cfgmem_parts {s25fl128sxxxxxx0-spi-x1_x2_x4}] 0]
set_property PROBES.FILE {} [get_hw_devices xc7a100t_0]
set_property FULL_PROBES.FILE {} [get_hw_devices xc7a100t_0]
set_property PROGRAM.FILE {/home/engin/nekoichiarticle/part16/nekoichi.runs/impl_1/nekotop.bit} [get_hw_devices xc7a100t_0]
program_hw_devices [get_hw_devices xc7a100t_0]
refresh_hw_device [lindex [get_hw_devices xc7a100t_0] 0]
set_property PROBES.FILE {} [get_hw_devices xc7a100t_0]
set_property FULL_PROBES.FILE {} [get_hw_devices xc7a100t_0]
set_property PROGRAM.FILE {/home/engin/nekoichiarticle/part16/nekoichi.runs/impl_1/nekotop.bit} [get_hw_devices xc7a100t_0]
program_hw_devices [get_hw_devices xc7a100t_0]
refresh_hw_device [lindex [get_hw_devices xc7a100t_0] 0]
set_property PROBES.FILE {} [get_hw_devices xc7a100t_0]
set_property FULL_PROBES.FILE {} [get_hw_devices xc7a100t_0]
set_property PROGRAM.FILE {/home/engin/nekoichiarticle/part16/nekoichi.runs/impl_1/nekotop.bit} [get_hw_devices xc7a100t_0]
program_hw_devices [get_hw_devices xc7a100t_0]
refresh_hw_device [lindex [get_hw_devices xc7a100t_0] 0]
set_property PROBES.FILE {} [get_hw_devices xc7a100t_0]
set_property FULL_PROBES.FILE {} [get_hw_devices xc7a100t_0]
set_property PROGRAM.FILE {/home/engin/nekoichiarticle/part16/nekoichi.runs/impl_1/nekotop.bit} [get_hw_devices xc7a100t_0]
program_hw_devices [get_hw_devices xc7a100t_0]
refresh_hw_device [lindex [get_hw_devices xc7a100t_0] 0]
set_property PROBES.FILE {} [get_hw_devices xc7a100t_0]
set_property FULL_PROBES.FILE {} [get_hw_devices xc7a100t_0]
set_property PROGRAM.FILE {/home/engin/nekoichiarticle/part16/nekoichi.runs/impl_1/nekotop.bit} [get_hw_devices xc7a100t_0]
program_hw_devices [get_hw_devices xc7a100t_0]
refresh_hw_device [lindex [get_hw_devices xc7a100t_0] 0]
set_property PROBES.FILE {} [get_hw_devices xc7a100t_0]
set_property FULL_PROBES.FILE {} [get_hw_devices xc7a100t_0]
set_property PROGRAM.FILE {/home/engin/nekoichiarticle/part16/nekoichi.runs/impl_1/nekotop.bit} [get_hw_devices xc7a100t_0]
program_hw_devices [get_hw_devices xc7a100t_0]
refresh_hw_device [lindex [get_hw_devices xc7a100t_0] 0]
set_property PROBES.FILE {} [get_hw_devices xc7a100t_0]
set_property FULL_PROBES.FILE {} [get_hw_devices xc7a100t_0]
set_property PROGRAM.FILE {/home/engin/nekoichiarticle/part16/nekoichi.runs/impl_1/nekotop.bit} [get_hw_devices xc7a100t_0]
program_hw_devices [get_hw_devices xc7a100t_0]
refresh_hw_device [lindex [get_hw_devices xc7a100t_0] 0]
set_property PROBES.FILE {} [get_hw_devices xc7a100t_0]
set_property FULL_PROBES.FILE {} [get_hw_devices xc7a100t_0]
set_property PROGRAM.FILE {/home/engin/nekoichiarticle/part16/nekoichi.runs/impl_1/nekotop.bit} [get_hw_devices xc7a100t_0]
program_hw_devices [get_hw_devices xc7a100t_0]
refresh_hw_device [lindex [get_hw_devices xc7a100t_0] 0]
set_property PROBES.FILE {} [get_hw_devices xc7a100t_0]
set_property FULL_PROBES.FILE {} [get_hw_devices xc7a100t_0]
set_property PROGRAM.FILE {/home/engin/nekoichiarticle/part16/nekoichi.runs/impl_1/nekotop.bit} [get_hw_devices xc7a100t_0]
program_hw_devices [get_hw_devices xc7a100t_0]
refresh_hw_device [lindex [get_hw_devices xc7a100t_0] 0]
set_property PROBES.FILE {} [get_hw_devices xc7a100t_0]
set_property FULL_PROBES.FILE {} [get_hw_devices xc7a100t_0]
set_property PROGRAM.FILE {/home/engin/nekoichiarticle/part16/nekoichi.runs/impl_1/nekotop.bit} [get_hw_devices xc7a100t_0]
program_hw_devices [get_hw_devices xc7a100t_0]
refresh_hw_device [lindex [get_hw_devices xc7a100t_0] 0]
set_property PROBES.FILE {} [get_hw_devices xc7a100t_0]
set_property FULL_PROBES.FILE {} [get_hw_devices xc7a100t_0]
set_property PROGRAM.FILE {/home/engin/nekoichiarticle/part16/nekoichi.runs/impl_1/nekotop.bit} [get_hw_devices xc7a100t_0]
program_hw_devices [get_hw_devices xc7a100t_0]
refresh_hw_device [lindex [get_hw_devices xc7a100t_0] 0]
set_property PROBES.FILE {} [get_hw_devices xc7a100t_0]
set_property FULL_PROBES.FILE {} [get_hw_devices xc7a100t_0]
set_property PROGRAM.FILE {/home/engin/nekoichiarticle/part16/nekoichi.runs/impl_1/nekotop.bit} [get_hw_devices xc7a100t_0]
program_hw_devices [get_hw_devices xc7a100t_0]
refresh_hw_device [lindex [get_hw_devices xc7a100t_0] 0]
set_property PROBES.FILE {} [get_hw_devices xc7a100t_0]
set_property FULL_PROBES.FILE {} [get_hw_devices xc7a100t_0]
set_property PROGRAM.FILE {/home/engin/nekoichiarticle/part16/nekoichi.runs/impl_1/nekotop.bit} [get_hw_devices xc7a100t_0]
program_hw_devices [get_hw_devices xc7a100t_0]
refresh_hw_device [lindex [get_hw_devices xc7a100t_0] 0]
set_property PROBES.FILE {} [get_hw_devices xc7a100t_0]
set_property FULL_PROBES.FILE {} [get_hw_devices xc7a100t_0]
set_property PROGRAM.FILE {/home/engin/nekoichiarticle/part16/nekoichi.runs/impl_1/nekotop.bit} [get_hw_devices xc7a100t_0]
program_hw_devices [get_hw_devices xc7a100t_0]
refresh_hw_device [lindex [get_hw_devices xc7a100t_0] 0]
set_property PROBES.FILE {} [get_hw_devices xc7a100t_0]
set_property FULL_PROBES.FILE {} [get_hw_devices xc7a100t_0]
set_property PROGRAM.FILE {/home/engin/nekoichiarticle/part16/nekoichi.runs/impl_1/nekotop.bit} [get_hw_devices xc7a100t_0]
program_hw_devices [get_hw_devices xc7a100t_0]
refresh_hw_device [lindex [get_hw_devices xc7a100t_0] 0]
set_property PROGRAM.ADDRESS_RANGE  {use_file} [ get_property PROGRAM.HW_CFGMEM [lindex [get_hw_devices xc7a100t_0] 0]]
set_property PROGRAM.FILES [list "/home/engin/nekoichiarticle/part16/nekoichi.runs/impl_1/nekotop.bin" ] [ get_property PROGRAM.HW_CFGMEM [lindex [get_hw_devices xc7a100t_0] 0]]
set_property PROGRAM.PRM_FILE {} [ get_property PROGRAM.HW_CFGMEM [lindex [get_hw_devices xc7a100t_0] 0]]
set_property PROGRAM.UNUSED_PIN_TERMINATION {pull-none} [ get_property PROGRAM.HW_CFGMEM [lindex [get_hw_devices xc7a100t_0] 0]]
set_property PROGRAM.BLANK_CHECK  0 [ get_property PROGRAM.HW_CFGMEM [lindex [get_hw_devices xc7a100t_0] 0]]
set_property PROGRAM.ERASE  1 [ get_property PROGRAM.HW_CFGMEM [lindex [get_hw_devices xc7a100t_0] 0]]
set_property PROGRAM.CFG_PROGRAM  1 [ get_property PROGRAM.HW_CFGMEM [lindex [get_hw_devices xc7a100t_0] 0]]
set_property PROGRAM.VERIFY  1 [ get_property PROGRAM.HW_CFGMEM [lindex [get_hw_devices xc7a100t_0] 0]]
set_property PROGRAM.CHECKSUM  0 [ get_property PROGRAM.HW_CFGMEM [lindex [get_hw_devices xc7a100t_0] 0]]
startgroup 
create_hw_bitstream -hw_device [lindex [get_hw_devices xc7a100t_0] 0] [get_property PROGRAM.HW_CFGMEM_BITFILE [ lindex [get_hw_devices xc7a100t_0] 0]]; program_hw_devices [lindex [get_hw_devices xc7a100t_0] 0]; refresh_hw_device [lindex [get_hw_devices xc7a100t_0] 0];
program_hw_cfgmem -hw_cfgmem [ get_property PROGRAM.HW_CFGMEM [lindex [get_hw_devices xc7a100t_0] 0]]
endgroup
close_hw_manager
archive_project /home/engin/nekoichiarticle/nekoichi.xpr.zip -force -include_local_ip_cache -include_config_settings
archive_project /home/engin/nekoichiarticle/nekoichi.xpr.zip -force -include_local_ip_cache -include_config_settings
close_project
open_project /home/engin/nekoichiarticle/part16/nekoichi.xpr
update_compile_order -fileset sources_1
reset_run synth_1
launch_runs impl_1 -to_step write_bitstream -jobs 16
wait_on_run impl_1
open_hw_manager
connect_hw_server -allow_non_jtag
open_hw_target
set_property PROGRAM.FILE {/home/engin/nekoichiarticle/part16/nekoichi.runs/impl_1/nekotop.bit} [get_hw_devices xc7a100t_0]
current_hw_device [get_hw_devices xc7a100t_0]
refresh_hw_device -update_hw_probes false [lindex [get_hw_devices xc7a100t_0] 0]
create_hw_cfgmem -hw_device [get_hw_devices xc7a100t_0] -mem_dev [lindex [get_cfgmem_parts {s25fl128sxxxxxx0-spi-x1_x2_x4}] 0]
set_property PROBES.FILE {} [get_hw_devices xc7a100t_0]
set_property FULL_PROBES.FILE {} [get_hw_devices xc7a100t_0]
set_property PROGRAM.FILE {/home/engin/nekoichiarticle/part16/nekoichi.runs/impl_1/nekotop.bit} [get_hw_devices xc7a100t_0]
program_hw_devices [get_hw_devices xc7a100t_0]
refresh_hw_device [lindex [get_hw_devices xc7a100t_0] 0]
set_property PROGRAM.ADDRESS_RANGE  {use_file} [ get_property PROGRAM.HW_CFGMEM [lindex [get_hw_devices xc7a100t_0] 0]]
set_property PROGRAM.FILES [list "/home/engin/nekoichiarticle/part16/nekoichi.runs/impl_1/nekotop.bin" ] [ get_property PROGRAM.HW_CFGMEM [lindex [get_hw_devices xc7a100t_0] 0]]
set_property PROGRAM.PRM_FILE {} [ get_property PROGRAM.HW_CFGMEM [lindex [get_hw_devices xc7a100t_0] 0]]
set_property PROGRAM.UNUSED_PIN_TERMINATION {pull-none} [ get_property PROGRAM.HW_CFGMEM [lindex [get_hw_devices xc7a100t_0] 0]]
set_property PROGRAM.BLANK_CHECK  0 [ get_property PROGRAM.HW_CFGMEM [lindex [get_hw_devices xc7a100t_0] 0]]
set_property PROGRAM.ERASE  1 [ get_property PROGRAM.HW_CFGMEM [lindex [get_hw_devices xc7a100t_0] 0]]
set_property PROGRAM.CFG_PROGRAM  1 [ get_property PROGRAM.HW_CFGMEM [lindex [get_hw_devices xc7a100t_0] 0]]
set_property PROGRAM.VERIFY  1 [ get_property PROGRAM.HW_CFGMEM [lindex [get_hw_devices xc7a100t_0] 0]]
set_property PROGRAM.CHECKSUM  0 [ get_property PROGRAM.HW_CFGMEM [lindex [get_hw_devices xc7a100t_0] 0]]
startgroup 
create_hw_bitstream -hw_device [lindex [get_hw_devices xc7a100t_0] 0] [get_property PROGRAM.HW_CFGMEM_BITFILE [ lindex [get_hw_devices xc7a100t_0] 0]]; program_hw_devices [lindex [get_hw_devices xc7a100t_0] 0]; refresh_hw_device [lindex [get_hw_devices xc7a100t_0] 0];
program_hw_cfgmem -hw_cfgmem [ get_property PROGRAM.HW_CFGMEM [lindex [get_hw_devices xc7a100t_0] 0]]
endgroup
close_hw_manager
open_hw_manager
connect_hw_server -allow_non_jtag
open_hw_target
set_property PROGRAM.FILE {/home/engin/nekoichiarticle/part16/nekoichi.runs/impl_1/nekotop.bit} [get_hw_devices xc7a100t_0]
current_hw_device [get_hw_devices xc7a100t_0]
refresh_hw_device -update_hw_probes false [lindex [get_hw_devices xc7a100t_0] 0]
create_hw_cfgmem -hw_device [get_hw_devices xc7a100t_0] -mem_dev [lindex [get_cfgmem_parts {s25fl128sxxxxxx0-spi-x1_x2_x4}] 0]
close_hw_manager
archive_project /home/engin/nekoichiarticle/nekoichi.xpr.zip -force -include_local_ip_cache -include_config_settings
reset_run synth_1
set_property -dict [list CONFIG.CLKOUT1_REQUESTED_OUT_FREQ {120} CONFIG.MMCM_CLKFBOUT_MULT_F {10.500} CONFIG.MMCM_CLKOUT0_DIVIDE_F {8.750} CONFIG.MMCM_CLKOUT1_DIVIDE {105} CONFIG.CLKOUT1_JITTER {121.716} CONFIG.CLKOUT1_PHASE_ERROR {94.994} CONFIG.CLKOUT2_JITTER {202.666} CONFIG.CLKOUT2_PHASE_ERROR {94.994}] [get_ips clockgen]
generate_target all [get_files  /home/engin/nekoichiarticle/part16/nekoichi.srcs/sources_1/ip/clockgen/clockgen.xci]
catch { config_ip_cache -export [get_ips -all clockgen] }
export_ip_user_files -of_objects [get_files /home/engin/nekoichiarticle/part16/nekoichi.srcs/sources_1/ip/clockgen/clockgen.xci] -no_script -sync -force -quiet
reset_run clockgen_synth_1
launch_runs clockgen_synth_1 -jobs 16
wait_on_run clockgen_synth_1
export_simulation -of_objects [get_files /home/engin/nekoichiarticle/part16/nekoichi.srcs/sources_1/ip/clockgen/clockgen.xci] -directory /home/engin/nekoichiarticle/part16/nekoichi.ip_user_files/sim_scripts -ip_user_files_dir /home/engin/nekoichiarticle/part16/nekoichi.ip_user_files -ipstatic_source_dir /home/engin/nekoichiarticle/part16/nekoichi.ip_user_files/ipstatic -lib_map_path [list {modelsim=/home/engin/nekoichiarticle/part16/nekoichi.cache/compile_simlib/modelsim} {questa=/home/engin/nekoichiarticle/part16/nekoichi.cache/compile_simlib/questa} {ies=/home/engin/nekoichiarticle/part16/nekoichi.cache/compile_simlib/ies} {xcelium=/home/engin/nekoichiarticle/part16/nekoichi.cache/compile_simlib/xcelium} {vcs=/home/engin/nekoichiarticle/part16/nekoichi.cache/compile_simlib/vcs} {riviera=/home/engin/nekoichiarticle/part16/nekoichi.cache/compile_simlib/riviera}] -use_ip_compiled_libs -force -quiet
launch_runs impl_1 -to_step write_bitstream -jobs 16
wait_on_run impl_1
open_hw_manager
connect_hw_server -allow_non_jtag
open_hw_target
set_property PROGRAM.FILE {/home/engin/nekoichiarticle/part16/nekoichi.runs/impl_1/nekotop.bit} [get_hw_devices xc7a100t_0]
current_hw_device [get_hw_devices xc7a100t_0]
refresh_hw_device -update_hw_probes false [lindex [get_hw_devices xc7a100t_0] 0]
create_hw_cfgmem -hw_device [get_hw_devices xc7a100t_0] -mem_dev [lindex [get_cfgmem_parts {s25fl128sxxxxxx0-spi-x1_x2_x4}] 0]
set_property PROBES.FILE {} [get_hw_devices xc7a100t_0]
set_property FULL_PROBES.FILE {} [get_hw_devices xc7a100t_0]
set_property PROGRAM.FILE {/home/engin/nekoichiarticle/part16/nekoichi.runs/impl_1/nekotop.bit} [get_hw_devices xc7a100t_0]
program_hw_devices [get_hw_devices xc7a100t_0]
refresh_hw_device [lindex [get_hw_devices xc7a100t_0] 0]
close_hw_manager
set_property -dict [list CONFIG.CLKOUT1_REQUESTED_OUT_FREQ {100} CONFIG.MMCM_CLKFBOUT_MULT_F {11.500} CONFIG.MMCM_CLKOUT0_DIVIDE_F {11.500} CONFIG.MMCM_CLKOUT1_DIVIDE {115} CONFIG.CLKOUT1_JITTER {119.372} CONFIG.CLKOUT1_PHASE_ERROR {89.598} CONFIG.CLKOUT2_JITTER {193.419} CONFIG.CLKOUT2_PHASE_ERROR {89.598}] [get_ips clockgen]
generate_target all [get_files  /home/engin/nekoichiarticle/part16/nekoichi.srcs/sources_1/ip/clockgen/clockgen.xci]
catch { config_ip_cache -export [get_ips -all clockgen] }
catch { [ delete_ip_run [get_ips -all clockgen] ] }
export_ip_user_files -of_objects [get_files /home/engin/nekoichiarticle/part16/nekoichi.srcs/sources_1/ip/clockgen/clockgen.xci] -no_script -sync -force -quiet
create_ip_run [get_files -of_objects [get_fileset sources_1] /home/engin/nekoichiarticle/part16/nekoichi.srcs/sources_1/ip/clockgen/clockgen.xci]
export_simulation -of_objects [get_files /home/engin/nekoichiarticle/part16/nekoichi.srcs/sources_1/ip/clockgen/clockgen.xci] -directory /home/engin/nekoichiarticle/part16/nekoichi.ip_user_files/sim_scripts -ip_user_files_dir /home/engin/nekoichiarticle/part16/nekoichi.ip_user_files -ipstatic_source_dir /home/engin/nekoichiarticle/part16/nekoichi.ip_user_files/ipstatic -lib_map_path [list {modelsim=/home/engin/nekoichiarticle/part16/nekoichi.cache/compile_simlib/modelsim} {questa=/home/engin/nekoichiarticle/part16/nekoichi.cache/compile_simlib/questa} {ies=/home/engin/nekoichiarticle/part16/nekoichi.cache/compile_simlib/ies} {xcelium=/home/engin/nekoichiarticle/part16/nekoichi.cache/compile_simlib/xcelium} {vcs=/home/engin/nekoichiarticle/part16/nekoichi.cache/compile_simlib/vcs} {riviera=/home/engin/nekoichiarticle/part16/nekoichi.cache/compile_simlib/riviera}] -use_ip_compiled_libs -force -quiet
reset_run synth_1
update_compile_order -fileset sources_1
launch_runs impl_1 -to_step write_bitstream -jobs 16
wait_on_run impl_1
open_hw_manager
connect_hw_server -allow_non_jtag
open_hw_target
set_property PROGRAM.FILE {/home/engin/nekoichiarticle/part16/nekoichi.runs/impl_1/nekotop.bit} [get_hw_devices xc7a100t_0]
current_hw_device [get_hw_devices xc7a100t_0]
refresh_hw_device -update_hw_probes false [lindex [get_hw_devices xc7a100t_0] 0]
create_hw_cfgmem -hw_device [get_hw_devices xc7a100t_0] -mem_dev [lindex [get_cfgmem_parts {s25fl128sxxxxxx0-spi-x1_x2_x4}] 0]
set_property PROBES.FILE {} [get_hw_devices xc7a100t_0]
set_property FULL_PROBES.FILE {} [get_hw_devices xc7a100t_0]
set_property PROGRAM.FILE {/home/engin/nekoichiarticle/part16/nekoichi.runs/impl_1/nekotop.bit} [get_hw_devices xc7a100t_0]
program_hw_devices [get_hw_devices xc7a100t_0]
refresh_hw_device [lindex [get_hw_devices xc7a100t_0] 0]
set_property PROGRAM.ADDRESS_RANGE  {use_file} [ get_property PROGRAM.HW_CFGMEM [lindex [get_hw_devices xc7a100t_0] 0]]
set_property PROGRAM.FILES [list "/home/engin/nekoichiarticle/part16/nekoichi.runs/impl_1/nekotop.bin" ] [ get_property PROGRAM.HW_CFGMEM [lindex [get_hw_devices xc7a100t_0] 0]]
set_property PROGRAM.PRM_FILE {} [ get_property PROGRAM.HW_CFGMEM [lindex [get_hw_devices xc7a100t_0] 0]]
set_property PROGRAM.UNUSED_PIN_TERMINATION {pull-none} [ get_property PROGRAM.HW_CFGMEM [lindex [get_hw_devices xc7a100t_0] 0]]
set_property PROGRAM.BLANK_CHECK  0 [ get_property PROGRAM.HW_CFGMEM [lindex [get_hw_devices xc7a100t_0] 0]]
set_property PROGRAM.ERASE  1 [ get_property PROGRAM.HW_CFGMEM [lindex [get_hw_devices xc7a100t_0] 0]]
set_property PROGRAM.CFG_PROGRAM  1 [ get_property PROGRAM.HW_CFGMEM [lindex [get_hw_devices xc7a100t_0] 0]]
set_property PROGRAM.VERIFY  1 [ get_property PROGRAM.HW_CFGMEM [lindex [get_hw_devices xc7a100t_0] 0]]
set_property PROGRAM.CHECKSUM  0 [ get_property PROGRAM.HW_CFGMEM [lindex [get_hw_devices xc7a100t_0] 0]]
startgroup 
create_hw_bitstream -hw_device [lindex [get_hw_devices xc7a100t_0] 0] [get_property PROGRAM.HW_CFGMEM_BITFILE [ lindex [get_hw_devices xc7a100t_0] 0]]; program_hw_devices [lindex [get_hw_devices xc7a100t_0] 0]; refresh_hw_device [lindex [get_hw_devices xc7a100t_0] 0];
program_hw_cfgmem -hw_cfgmem [ get_property PROGRAM.HW_CFGMEM [lindex [get_hw_devices xc7a100t_0] 0]]
endgroup
close_hw_manager
archive_project /home/engin/nekoichiarticle/nekoichi.xpr.zip -force -include_local_ip_cache -include_config_settings
reset_run synth_1
launch_runs impl_1 -to_step write_bitstream -jobs 16
wait_on_run impl_1
open_hw_manager
connect_hw_server -allow_non_jtag
open_hw_target
set_property PROGRAM.FILE {/home/engin/nekoichiarticle/part16/nekoichi.runs/impl_1/nekotop.bit} [get_hw_devices xc7a100t_0]
current_hw_device [get_hw_devices xc7a100t_0]
refresh_hw_device -update_hw_probes false [lindex [get_hw_devices xc7a100t_0] 0]
create_hw_cfgmem -hw_device [get_hw_devices xc7a100t_0] -mem_dev [lindex [get_cfgmem_parts {s25fl128sxxxxxx0-spi-x1_x2_x4}] 0]
set_property PROBES.FILE {} [get_hw_devices xc7a100t_0]
set_property FULL_PROBES.FILE {} [get_hw_devices xc7a100t_0]
set_property PROGRAM.FILE {/home/engin/nekoichiarticle/part16/nekoichi.runs/impl_1/nekotop.bit} [get_hw_devices xc7a100t_0]
program_hw_devices [get_hw_devices xc7a100t_0]
refresh_hw_device [lindex [get_hw_devices xc7a100t_0] 0]
set_property PROGRAM.ADDRESS_RANGE  {use_file} [ get_property PROGRAM.HW_CFGMEM [lindex [get_hw_devices xc7a100t_0] 0]]
set_property PROGRAM.FILES [list "/home/engin/nekoichiarticle/part16/nekoichi.runs/impl_1/nekotop.bin" ] [ get_property PROGRAM.HW_CFGMEM [lindex [get_hw_devices xc7a100t_0] 0]]
set_property PROGRAM.PRM_FILE {} [ get_property PROGRAM.HW_CFGMEM [lindex [get_hw_devices xc7a100t_0] 0]]
set_property PROGRAM.UNUSED_PIN_TERMINATION {pull-none} [ get_property PROGRAM.HW_CFGMEM [lindex [get_hw_devices xc7a100t_0] 0]]
set_property PROGRAM.BLANK_CHECK  0 [ get_property PROGRAM.HW_CFGMEM [lindex [get_hw_devices xc7a100t_0] 0]]
set_property PROGRAM.ERASE  1 [ get_property PROGRAM.HW_CFGMEM [lindex [get_hw_devices xc7a100t_0] 0]]
set_property PROGRAM.CFG_PROGRAM  1 [ get_property PROGRAM.HW_CFGMEM [lindex [get_hw_devices xc7a100t_0] 0]]
set_property PROGRAM.VERIFY  1 [ get_property PROGRAM.HW_CFGMEM [lindex [get_hw_devices xc7a100t_0] 0]]
set_property PROGRAM.CHECKSUM  0 [ get_property PROGRAM.HW_CFGMEM [lindex [get_hw_devices xc7a100t_0] 0]]
startgroup 
create_hw_bitstream -hw_device [lindex [get_hw_devices xc7a100t_0] 0] [get_property PROGRAM.HW_CFGMEM_BITFILE [ lindex [get_hw_devices xc7a100t_0] 0]]; program_hw_devices [lindex [get_hw_devices xc7a100t_0] 0]; refresh_hw_device [lindex [get_hw_devices xc7a100t_0] 0];
program_hw_cfgmem -hw_cfgmem [ get_property PROGRAM.HW_CFGMEM [lindex [get_hw_devices xc7a100t_0] 0]]
endgroup
close_hw_manager
open_run impl_1
close_design
archive_project /home/engin/nekoichiarticle/nekoichi.xpr.zip -force -include_local_ip_cache -include_config_settings
open_run synth_1 -name synth_1
close_design
open_run impl_1
close_design
reset_run synth_1
launch_runs impl_1 -to_step write_bitstream -jobs 16
wait_on_run impl_1
open_hw_manager
close_hw_manager
open_run impl_1
close_design
reset_run synth_1
launch_runs impl_1 -to_step write_bitstream -jobs 16
wait_on_run impl_1
open_hw_manager
connect_hw_server -allow_non_jtag
open_hw_target
set_property PROGRAM.FILE {/home/engin/nekoichiarticle/part16/nekoichi.runs/impl_1/nekotop.bit} [get_hw_devices xc7a100t_0]
current_hw_device [get_hw_devices xc7a100t_0]
refresh_hw_device -update_hw_probes false [lindex [get_hw_devices xc7a100t_0] 0]
create_hw_cfgmem -hw_device [get_hw_devices xc7a100t_0] -mem_dev [lindex [get_cfgmem_parts {s25fl128sxxxxxx0-spi-x1_x2_x4}] 0]
set_property PROBES.FILE {} [get_hw_devices xc7a100t_0]
set_property FULL_PROBES.FILE {} [get_hw_devices xc7a100t_0]
set_property PROGRAM.FILE {/home/engin/nekoichiarticle/part16/nekoichi.runs/impl_1/nekotop.bit} [get_hw_devices xc7a100t_0]
program_hw_devices [get_hw_devices xc7a100t_0]
refresh_hw_device [lindex [get_hw_devices xc7a100t_0] 0]
close_hw_manager
archive_project /home/engin/nekoichiarticle/nekoichi.xpr.zip -force -include_local_ip_cache -include_config_settings
